###############################################################################
#
# IAR ELF Linker V9.32.1.338/W64 for ARM                  25/Dec/2024  17:42:57
# Copyright 2007-2022 IAR Systems AB.
#
#    Output file  =
#        C:\TVII_Sample_Driver_Library_7.1.0\tviibe1m_backup\tools\iar\flash\cm0plus\rev_d\Exe\cm0plus.out_nochecksum
#    Map file     =
#        C:\TVII_Sample_Driver_Library_7.1.0\tviibe1m_backup\tools\iar\flash\cm0plus\rev_d\List\cm0plus.map
#    Command line =
#        -f
#        C:\TVII_Sample_Driver_Library_7.1.0\tviibe1m_backup\tools\iar\flash\cm0plus\rev_d\Exe\cm0plus.out_nochecksum.rsp
#        (C:\TVII_Sample_Driver_Library_7.1.0\tviibe1m_backup\tools\iar\flash\cm0plus\rev_d\Obj\src\app\app_main.o
#        C:\TVII_Sample_Driver_Library_7.1.0\tviibe1m_backup\tools\iar\flash\cm0plus\rev_d\Obj\src\app\src\ClockApp.o
#        C:\TVII_Sample_Driver_Library_7.1.0\tviibe1m_backup\tools\iar\flash\cm0plus\rev_d\Obj\src\app\src\CrcApp.o
#        C:\TVII_Sample_Driver_Library_7.1.0\tviibe1m_backup\tools\iar\flash\cm0plus\rev_d\Obj\src\drivers\adc\cy_adc.o
#        C:\TVII_Sample_Driver_Library_7.1.0\tviibe1m_backup\tools\iar\flash\cm0plus\rev_d\Obj\src\mw\button\cy_button.o
#        C:\TVII_Sample_Driver_Library_7.1.0\tviibe1m_backup\tools\iar\flash\cm0plus\rev_d\Obj\src\drivers\canfd\cy_canfd.o
#        C:\TVII_Sample_Driver_Library_7.1.0\tviibe1m_backup\tools\iar\flash\cm0plus\rev_d\Obj\src\drivers\cpu\cy_cpu.o
#        C:\TVII_Sample_Driver_Library_7.1.0\tviibe1m_backup\tools\iar\flash\cm0plus\rev_d\Obj\src\drivers\crypto\cy_crypto_config.o
#        C:\TVII_Sample_Driver_Library_7.1.0\tviibe1m_backup\tools\iar\flash\cm0plus\rev_d\Obj\src\drivers\evtgen\cy_evtgen.o
#        C:\TVII_Sample_Driver_Library_7.1.0\tviibe1m_backup\tools\iar\flash\cm0plus\rev_d\Obj\src\drivers\flash\cy_flash.o
#        C:\TVII_Sample_Driver_Library_7.1.0\tviibe1m_backup\tools\iar\flash\cm0plus\rev_d\Obj\src\drivers\gpio\cy_gpio.o
#        C:\TVII_Sample_Driver_Library_7.1.0\tviibe1m_backup\tools\iar\flash\cm0plus\rev_d\Obj\src\interrupts\rev_d\cy_interrupt_map.o
#        C:\TVII_Sample_Driver_Library_7.1.0\tviibe1m_backup\tools\iar\flash\cm0plus\rev_d\Obj\src\drivers\ipc\cy_ipc_drv.o
#        C:\TVII_Sample_Driver_Library_7.1.0\tviibe1m_backup\tools\iar\flash\cm0plus\rev_d\Obj\src\drivers\ipc\cy_ipc_pipe.o
#        C:\TVII_Sample_Driver_Library_7.1.0\tviibe1m_backup\tools\iar\flash\cm0plus\rev_d\Obj\src\drivers\ipc\cy_ipc_sema.o
#        C:\TVII_Sample_Driver_Library_7.1.0\tviibe1m_backup\tools\iar\flash\cm0plus\rev_d\Obj\src\drivers\lin\cy_lin.o
#        C:\TVII_Sample_Driver_Library_7.1.0\tviibe1m_backup\tools\iar\flash\cm0plus\rev_d\Obj\src\drivers\lvd\cy_lvd.o
#        C:\TVII_Sample_Driver_Library_7.1.0\tviibe1m_backup\tools\iar\flash\cm0plus\rev_d\Obj\src\drivers\mcwdt\cy_mcwdt.o
#        C:\TVII_Sample_Driver_Library_7.1.0\tviibe1m_backup\tools\iar\flash\cm0plus\rev_d\Obj\src\drivers\dma\cy_mdma.o
#        C:\TVII_Sample_Driver_Library_7.1.0\tviibe1m_backup\tools\iar\flash\cm0plus\rev_d\Obj\src\drivers\mpu\cy_mpu.o
#        C:\TVII_Sample_Driver_Library_7.1.0\tviibe1m_backup\tools\iar\flash\cm0plus\rev_d\Obj\src\mw\flash\cy_mw_flash.o
#        C:\TVII_Sample_Driver_Library_7.1.0\tviibe1m_backup\tools\iar\flash\cm0plus\rev_d\Obj\src\drivers\dma\cy_pdma.o
#        C:\TVII_Sample_Driver_Library_7.1.0\tviibe1m_backup\tools\iar\flash\cm0plus\rev_d\Obj\src\drivers\prot\cy_prot.o
#        C:\TVII_Sample_Driver_Library_7.1.0\tviibe1m_backup\tools\iar\flash\cm0plus\rev_d\Obj\src\drivers\scb\cy_scb_common.o
#        C:\TVII_Sample_Driver_Library_7.1.0\tviibe1m_backup\tools\iar\flash\cm0plus\rev_d\Obj\src\drivers\scb\cy_scb_ezi2c.o
#        C:\TVII_Sample_Driver_Library_7.1.0\tviibe1m_backup\tools\iar\flash\cm0plus\rev_d\Obj\src\drivers\scb\cy_scb_i2c.o
#        C:\TVII_Sample_Driver_Library_7.1.0\tviibe1m_backup\tools\iar\flash\cm0plus\rev_d\Obj\src\drivers\scb\cy_scb_spi.o
#        C:\TVII_Sample_Driver_Library_7.1.0\tviibe1m_backup\tools\iar\flash\cm0plus\rev_d\Obj\src\drivers\scb\cy_scb_uart.o
#        C:\TVII_Sample_Driver_Library_7.1.0\tviibe1m_backup\tools\iar\flash\cm0plus\rev_d\Obj\src\mw\semihosting\cy_semihosting.o
#        C:\TVII_Sample_Driver_Library_7.1.0\tviibe1m_backup\tools\iar\flash\cm0plus\rev_d\Obj\src\drivers\smartio\cy_smartio.o
#        C:\TVII_Sample_Driver_Library_7.1.0\tviibe1m_backup\tools\iar\flash\cm0plus\rev_d\Obj\src\drivers\srom\cy_srom.o
#        C:\TVII_Sample_Driver_Library_7.1.0\tviibe1m_backup\tools\iar\flash\cm0plus\rev_d\Obj\src\mw\sw_timer\cy_sw_tmr.o
#        C:\TVII_Sample_Driver_Library_7.1.0\tviibe1m_backup\tools\iar\flash\cm0plus\rev_d\Obj\src\drivers\sysclk\cy_sysclk.o
#        C:\TVII_Sample_Driver_Library_7.1.0\tviibe1m_backup\tools\iar\flash\cm0plus\rev_d\Obj\src\drivers\sysflt\cy_sysflt.o
#        C:\TVII_Sample_Driver_Library_7.1.0\tviibe1m_backup\tools\iar\flash\cm0plus\rev_d\Obj\src\drivers\sysint\cy_sysint.o
#        C:\TVII_Sample_Driver_Library_7.1.0\tviibe1m_backup\tools\iar\flash\cm0plus\rev_d\Obj\src\drivers\syslib\cy_syslib.o
#        C:\TVII_Sample_Driver_Library_7.1.0\tviibe1m_backup\tools\iar\flash\cm0plus\rev_d\Obj\src\drivers\syslib\cy_syslib_iar.o
#        C:\TVII_Sample_Driver_Library_7.1.0\tviibe1m_backup\tools\iar\flash\cm0plus\rev_d\Obj\src\drivers\syspm\cy_syspm.o
#        C:\TVII_Sample_Driver_Library_7.1.0\tviibe1m_backup\tools\iar\flash\cm0plus\rev_d\Obj\src\drivers\sysreset\cy_sysreset.o
#        C:\TVII_Sample_Driver_Library_7.1.0\tviibe1m_backup\tools\iar\flash\cm0plus\rev_d\Obj\src\drivers\sysrtc\cy_sysrtc.o
#        C:\TVII_Sample_Driver_Library_7.1.0\tviibe1m_backup\tools\iar\flash\cm0plus\rev_d\Obj\src\drivers\systick\cy_systick.o
#        C:\TVII_Sample_Driver_Library_7.1.0\tviibe1m_backup\tools\iar\flash\cm0plus\rev_d\Obj\src\drivers\syswdt\cy_syswdt.o
#        C:\TVII_Sample_Driver_Library_7.1.0\tviibe1m_backup\tools\iar\flash\cm0plus\rev_d\Obj\src\drivers\tcpwm\cy_tcpwm.o
#        C:\TVII_Sample_Driver_Library_7.1.0\tviibe1m_backup\tools\iar\flash\cm0plus\rev_d\Obj\src\drivers\tcpwm\cy_tcpwm_counter.o
#        C:\TVII_Sample_Driver_Library_7.1.0\tviibe1m_backup\tools\iar\flash\cm0plus\rev_d\Obj\src\drivers\tcpwm\cy_tcpwm_pwm.o
#        C:\TVII_Sample_Driver_Library_7.1.0\tviibe1m_backup\tools\iar\flash\cm0plus\rev_d\Obj\src\drivers\tcpwm\cy_tcpwm_quaddec.o
#        C:\TVII_Sample_Driver_Library_7.1.0\tviibe1m_backup\tools\iar\flash\cm0plus\rev_d\Obj\src\drivers\tcpwm\cy_tcpwm_sr.o
#        C:\TVII_Sample_Driver_Library_7.1.0\tviibe1m_backup\tools\iar\flash\cm0plus\rev_d\Obj\src\drivers\trigmux\cy_trigmux.o
#        C:\TVII_Sample_Driver_Library_7.1.0\tviibe1m_backup\tools\iar\flash\cm0plus\rev_d\Obj\src\hal\cy_hdr\cyhal_hwmgr.o
#        C:\TVII_Sample_Driver_Library_7.1.0\tviibe1m_backup\tools\iar\flash\cm0plus\rev_d\Obj\src\app\src\FlashRwApp.o
#        C:\TVII_Sample_Driver_Library_7.1.0\tviibe1m_backup\tools\iar\flash\cm0plus\rev_d\Obj\src\app\src\FunApp.o
#        C:\TVII_Sample_Driver_Library_7.1.0\tviibe1m_backup\tools\iar\flash\cm0plus\rev_d\Obj\src\hal\adc\hal_adc.o
#        C:\TVII_Sample_Driver_Library_7.1.0\tviibe1m_backup\tools\iar\flash\cm0plus\rev_d\Obj\src\hal\adc\hal_adc_calibration.o
#        C:\TVII_Sample_Driver_Library_7.1.0\tviibe1m_backup\tools\iar\flash\cm0plus\rev_d\Obj\src\hal\hal_config\hal_adc_config.o
#        C:\TVII_Sample_Driver_Library_7.1.0\tviibe1m_backup\tools\iar\flash\cm0plus\rev_d\Obj\src\hal\clock\hal_clock.o
#        C:\TVII_Sample_Driver_Library_7.1.0\tviibe1m_backup\tools\iar\flash\cm0plus\rev_d\Obj\src\hal\hal_config\hal_clock_config.o
#        C:\TVII_Sample_Driver_Library_7.1.0\tviibe1m_backup\tools\iar\flash\cm0plus\rev_d\Obj\src\hal\crypto\hal_crypto.o
#        C:\TVII_Sample_Driver_Library_7.1.0\tviibe1m_backup\tools\iar\flash\cm0plus\rev_d\Obj\src\hal\hal_config\hal_crypto_config.o
#        C:\TVII_Sample_Driver_Library_7.1.0\tviibe1m_backup\tools\iar\flash\cm0plus\rev_d\Obj\src\hal\fmc\hal_fmc.o
#        C:\TVII_Sample_Driver_Library_7.1.0\tviibe1m_backup\tools\iar\flash\cm0plus\rev_d\Obj\src\hal\hal_config\hal_fmc_config.o
#        C:\TVII_Sample_Driver_Library_7.1.0\tviibe1m_backup\tools\iar\flash\cm0plus\rev_d\Obj\src\hal\gpio\hal_gpio.o
#        C:\TVII_Sample_Driver_Library_7.1.0\tviibe1m_backup\tools\iar\flash\cm0plus\rev_d\Obj\src\hal\hal_config\hal_gpio_config.o
#        C:\TVII_Sample_Driver_Library_7.1.0\tviibe1m_backup\tools\iar\flash\cm0plus\rev_d\Obj\src\hal\crypto\hal_hw_crc.o
#        C:\TVII_Sample_Driver_Library_7.1.0\tviibe1m_backup\tools\iar\flash\cm0plus\rev_d\Obj\src\hal\i2c\hal_i2c.o
#        C:\TVII_Sample_Driver_Library_7.1.0\tviibe1m_backup\tools\iar\flash\cm0plus\rev_d\Obj\src\hal\hal_config\hal_i2c_config.o
#        C:\TVII_Sample_Driver_Library_7.1.0\tviibe1m_backup\tools\iar\flash\cm0plus\rev_d\Obj\src\hal\jump\hal_jump.o
#        C:\TVII_Sample_Driver_Library_7.1.0\tviibe1m_backup\tools\iar\flash\cm0plus\rev_d\Obj\src\hal\pm\hal_pm.o
#        C:\TVII_Sample_Driver_Library_7.1.0\tviibe1m_backup\tools\iar\flash\cm0plus\rev_d\Obj\src\hal\hal_config\hal_pm_config.o
#        C:\TVII_Sample_Driver_Library_7.1.0\tviibe1m_backup\tools\iar\flash\cm0plus\rev_d\Obj\src\hal\pwm\hal_pwm.o
#        C:\TVII_Sample_Driver_Library_7.1.0\tviibe1m_backup\tools\iar\flash\cm0plus\rev_d\Obj\src\hal\hal_config\hal_pwm_config.o
#        C:\TVII_Sample_Driver_Library_7.1.0\tviibe1m_backup\tools\iar\flash\cm0plus\rev_d\Obj\src\hal\srom\hal_silicon_info.o
#        C:\TVII_Sample_Driver_Library_7.1.0\tviibe1m_backup\tools\iar\flash\cm0plus\rev_d\Obj\src\hal\sp\hal_sp.o
#        C:\TVII_Sample_Driver_Library_7.1.0\tviibe1m_backup\tools\iar\flash\cm0plus\rev_d\Obj\src\hal\hal_config\hal_sp_config.o
#        C:\TVII_Sample_Driver_Library_7.1.0\tviibe1m_backup\tools\iar\flash\cm0plus\rev_d\Obj\src\hal\spi\hal_spi.o
#        C:\TVII_Sample_Driver_Library_7.1.0\tviibe1m_backup\tools\iar\flash\cm0plus\rev_d\Obj\src\hal\hal_config\hal_spi_config.o
#        C:\TVII_Sample_Driver_Library_7.1.0\tviibe1m_backup\tools\iar\flash\cm0plus\rev_d\Obj\src\hal\crypto\hal_sw_crc.o
#        C:\TVII_Sample_Driver_Library_7.1.0\tviibe1m_backup\tools\iar\flash\cm0plus\rev_d\Obj\src\hal\sysreset\hal_sysreset.o
#        C:\TVII_Sample_Driver_Library_7.1.0\tviibe1m_backup\tools\iar\flash\cm0plus\rev_d\Obj\src\hal\systick\hal_systick.o
#        C:\TVII_Sample_Driver_Library_7.1.0\tviibe1m_backup\tools\iar\flash\cm0plus\rev_d\Obj\src\hal\hal_config\hal_systick_config.o
#        C:\TVII_Sample_Driver_Library_7.1.0\tviibe1m_backup\tools\iar\flash\cm0plus\rev_d\Obj\src\hal\timer\hal_timer.o
#        C:\TVII_Sample_Driver_Library_7.1.0\tviibe1m_backup\tools\iar\flash\cm0plus\rev_d\Obj\src\hal\hal_config\hal_timer_config.o
#        C:\TVII_Sample_Driver_Library_7.1.0\tviibe1m_backup\tools\iar\flash\cm0plus\rev_d\Obj\src\hal\uart\hal_uart.o
#        C:\TVII_Sample_Driver_Library_7.1.0\tviibe1m_backup\tools\iar\flash\cm0plus\rev_d\Obj\src\hal\hal_config\hal_uart_config.o
#        C:\TVII_Sample_Driver_Library_7.1.0\tviibe1m_backup\tools\iar\flash\cm0plus\rev_d\Obj\src\hal\hal_ver.o
#        C:\TVII_Sample_Driver_Library_7.1.0\tviibe1m_backup\tools\iar\flash\cm0plus\rev_d\Obj\src\hal\wdt\hal_wdt.o
#        C:\TVII_Sample_Driver_Library_7.1.0\tviibe1m_backup\tools\iar\flash\cm0plus\rev_d\Obj\src\hal\hal_config\hal_wdt_config.o
#        C:\TVII_Sample_Driver_Library_7.1.0\tviibe1m_backup\tools\iar\flash\cm0plus\rev_d\Obj\src\app\src\I2c0SlaveApp.o
#        C:\TVII_Sample_Driver_Library_7.1.0\tviibe1m_backup\tools\iar\flash\cm0plus\rev_d\Obj\src\app\src\InitApp.o
#        C:\TVII_Sample_Driver_Library_7.1.0\tviibe1m_backup\tools\iar\flash\cm0plus\rev_d\Obj\testbed\main_cm0_testbed.o
#        C:\TVII_Sample_Driver_Library_7.1.0\tviibe1m_backup\tools\iar\flash\cm0plus\rev_d\Obj\src\main_cm0plus.o
#        C:\TVII_Sample_Driver_Library_7.1.0\tviibe1m_backup\tools\iar\flash\cm0plus\rev_d\Obj\src\app\src\PinIOApp.o
#        C:\TVII_Sample_Driver_Library_7.1.0\tviibe1m_backup\tools\iar\flash\cm0plus\rev_d\Obj\src\startup\startup.o
#        C:\TVII_Sample_Driver_Library_7.1.0\tviibe1m_backup\tools\iar\flash\cm0plus\rev_d\Obj\src\startup\startup_cm0plus.o
#        C:\TVII_Sample_Driver_Library_7.1.0\tviibe1m_backup\tools\iar\flash\cm0plus\rev_d\Obj\src\system\rev_d\system_tviibe1m_cm0plus.o
#        C:\TVII_Sample_Driver_Library_7.1.0\tviibe1m_backup\tools\iar\flash\cm0plus\rev_d\Obj\testbed\testbed_adc_die_temp.o
#        C:\TVII_Sample_Driver_Library_7.1.0\tviibe1m_backup\tools\iar\flash\cm0plus\rev_d\Obj\testbed\testbed_adc_interrupt.o
#        C:\TVII_Sample_Driver_Library_7.1.0\tviibe1m_backup\tools\iar\flash\cm0plus\rev_d\Obj\testbed\testbed_adc_normal_read.o
#        C:\TVII_Sample_Driver_Library_7.1.0\tviibe1m_backup\tools\iar\flash\cm0plus\rev_d\Obj\testbed\testbed_adc_range_detect.o
#        C:\TVII_Sample_Driver_Library_7.1.0\tviibe1m_backup\tools\iar\flash\cm0plus\rev_d\Obj\testbed\testbed_clock.o
#        C:\TVII_Sample_Driver_Library_7.1.0\tviibe1m_backup\tools\iar\flash\cm0plus\rev_d\Obj\testbed\testbed_crypto_crc.o
#        C:\TVII_Sample_Driver_Library_7.1.0\tviibe1m_backup\tools\iar\flash\cm0plus\rev_d\Obj\testbed\testbed_fmc.o
#        C:\TVII_Sample_Driver_Library_7.1.0\tviibe1m_backup\tools\iar\flash\cm0plus\rev_d\Obj\testbed\testbed_gpio.o
#        C:\TVII_Sample_Driver_Library_7.1.0\tviibe1m_backup\tools\iar\flash\cm0plus\rev_d\Obj\testbed\testbed_gpio_intr.o
#        C:\TVII_Sample_Driver_Library_7.1.0\tviibe1m_backup\tools\iar\flash\cm0plus\rev_d\Obj\testbed\testbed_i2c_led_slave.o
#        C:\TVII_Sample_Driver_Library_7.1.0\tviibe1m_backup\tools\iar\flash\cm0plus\rev_d\Obj\testbed\testbed_i2c_master.o
#        C:\TVII_Sample_Driver_Library_7.1.0\tviibe1m_backup\tools\iar\flash\cm0plus\rev_d\Obj\testbed\testbed_i2c_mem_master.o
#        C:\TVII_Sample_Driver_Library_7.1.0\tviibe1m_backup\tools\iar\flash\cm0plus\rev_d\Obj\testbed\testbed_i2c_slave.o
#        C:\TVII_Sample_Driver_Library_7.1.0\tviibe1m_backup\tools\iar\flash\cm0plus\rev_d\Obj\testbed\testbed_power_mode.o
#        C:\TVII_Sample_Driver_Library_7.1.0\tviibe1m_backup\tools\iar\flash\cm0plus\rev_d\Obj\testbed\testbed_pwm.o
#        C:\TVII_Sample_Driver_Library_7.1.0\tviibe1m_backup\tools\iar\flash\cm0plus\rev_d\Obj\testbed\testbed_pwm_duty.o
#        C:\TVII_Sample_Driver_Library_7.1.0\tviibe1m_backup\tools\iar\flash\cm0plus\rev_d\Obj\testbed\testbed_pwm_duty_interrupt.o
#        C:\TVII_Sample_Driver_Library_7.1.0\tviibe1m_backup\tools\iar\flash\cm0plus\rev_d\Obj\testbed\testbed_pwm_period.o
#        C:\TVII_Sample_Driver_Library_7.1.0\tviibe1m_backup\tools\iar\flash\cm0plus\rev_d\Obj\testbed\testbed_silicon_id.o
#        C:\TVII_Sample_Driver_Library_7.1.0\tviibe1m_backup\tools\iar\flash\cm0plus\rev_d\Obj\testbed\testbed_simple_bootloader.o
#        C:\TVII_Sample_Driver_Library_7.1.0\tviibe1m_backup\tools\iar\flash\cm0plus\rev_d\Obj\testbed\testbed_sp.o
#        C:\TVII_Sample_Driver_Library_7.1.0\tviibe1m_backup\tools\iar\flash\cm0plus\rev_d\Obj\testbed\testbed_spi_master.o
#        C:\TVII_Sample_Driver_Library_7.1.0\tviibe1m_backup\tools\iar\flash\cm0plus\rev_d\Obj\testbed\testbed_sysreset_cause.o
#        C:\TVII_Sample_Driver_Library_7.1.0\tviibe1m_backup\tools\iar\flash\cm0plus\rev_d\Obj\testbed\testbed_systick.o
#        C:\TVII_Sample_Driver_Library_7.1.0\tviibe1m_backup\tools\iar\flash\cm0plus\rev_d\Obj\testbed\testbed_timer.o
#        C:\TVII_Sample_Driver_Library_7.1.0\tviibe1m_backup\tools\iar\flash\cm0plus\rev_d\Obj\testbed\testbed_timer_count_second.o
#        C:\TVII_Sample_Driver_Library_7.1.0\tviibe1m_backup\tools\iar\flash\cm0plus\rev_d\Obj\testbed\testbed_uart_interrupt.o
#        C:\TVII_Sample_Driver_Library_7.1.0\tviibe1m_backup\tools\iar\flash\cm0plus\rev_d\Obj\testbed\testbed_uart_polling.o
#        C:\TVII_Sample_Driver_Library_7.1.0\tviibe1m_backup\tools\iar\flash\cm0plus\rev_d\Obj\testbed\testbed_wdt.o
#        C:\TVII_Sample_Driver_Library_7.1.0\tviibe1m_backup\tools\iar\flash\cm0plus\rev_d\Obj\testbed\testbed_wdt_interrupt.o
#        C:\TVII_Sample_Driver_Library_7.1.0\tviibe1m_backup\tools\iar\flash\cm0plus\rev_d\Obj\src\app\src\Uart1App.o
#        C:\TVII_Sample_Driver_Library_7.1.0\tviibe1m_backup\tools\iar\flash\cm0plus\rev_d\Obj\src\app\src\WatchDogApp.o
#        --no_out_extension -o
#        C:\TVII_Sample_Driver_Library_7.1.0\tviibe1m_backup\tools\iar\flash\cm0plus\rev_d\Exe\cm0plus.out_nochecksum
#        --config_def _CORE_cm0plus_=0 --config_def _LINK_flash_=0 --map
#        C:\TVII_Sample_Driver_Library_7.1.0\tviibe1m_backup\tools\iar\flash\cm0plus\rev_d\List\cm0plus.map
#        --config
#        C:\TVII_Sample_Driver_Library_7.1.0\tviibe1m_backup\tools\iar\flash\cm0plus\..\..\linker_directives_tviibe_rev_d.icf
#        --semihosting
#        C:\TVII_Sample_Driver_Library_7.1.0\tviibe1m_backup\src\drivers\crypto\libs\libcrypto_server_cm0plus_iar.a
#        --entry __iar_program_start --vfe --text_out locale --cpu=Cortex-M0+
#        --fpu=None)
#
###############################################################################

*******************************************************************************
*** RUNTIME MODEL ATTRIBUTES
***

CppFlavor       = *
__CPP_Runtime   = 1
__SystemLibrary = DLib
__dlib_version  = 6


*******************************************************************************
*** HEAP SELECTION
***

The basic heap was selected because --advanced_heap
was not specified and the application did not appear to
be primarily optimized for speed.


*******************************************************************************
*** PLACEMENT SUMMARY
***

"A0":  place at start of [from 0x1000'0000 to 0x1007'ffff] { section .intvec };
"P1":  place in [from 0x1000'0000 to 0x1007'ffff] { ro };
"P2":  place in [from 0x800'0800 to 0x800'ffff] { rw };
define block HEAP with size = 512, alignment = 8 { };
define block CSTACK with size = 1K, alignment = 8 { };
define block HEAP_STACK { block HEAP, last block CSTACK };
"A2":  place at end of [from 0x800'0800 to 0x800'ffff] { block HEAP_STACK };
do not initialize { section .intvec_ram };
initialize by copy { rw };

No sections matched the following patterns:

  section .cm4_rom  in "A1"


  Section            Kind         Address    Size  Object
  -------            ----         -------    ----  ------
Absolute sections:                            0x2
  .noinit            uninit    0x800'1500     0x2  app_main.o [2]
                             - 0x800'1502     0x2

"P2", part 1 of 3:                          0x6c9
  P2-1                         0x800'1504   0x6c9  <Init block>
    .data            inited    0x800'1504   0x584  cy_interrupt_map.o [52]
    .data            inited    0x800'1a88     0x4  cy_interrupt_map.o [52]
    .data            inited    0x800'1a8c    0xc0  cyhal_hwmgr.o [36]
    .data            inited    0x800'1b4c    0x10  cyhal_hwmgr.o [36]
    .data            inited    0x800'1b5c     0xc  FunApp.o [3]
    .data            inited    0x800'1b68     0x4  FunApp.o [3]
    .data            inited    0x800'1b6c     0x4  FunApp.o [3]
    .data            inited    0x800'1b70    0x2c  hal_clock_config.o [39]
    .data            inited    0x800'1b9c     0x8  hal_gpio_config.o [39]
    .data            inited    0x800'1ba4     0x8  hal_gpio_config.o [39]
    .data            inited    0x800'1bac    0x10  hal_i2c_config.o [39]
    .data            inited    0x800'1bbc     0xc  hal_uart_config.o [39]
    .data            inited    0x800'1bc8     0x4  I2c0SlaveApp.o [3]
    .data            inited    0x800'1bcc     0x1  hal_fmc_config.o [39]
                             - 0x800'1bcd   0x6c9

"P2", part 2 of 3:                          0x81c
  .bss               zero      0x800'1bd0   0x2c0  hal_i2c.o [40]
  .bss               zero      0x800'1e90   0x1e0  hal_uart.o [50]
  .bss               zero      0x800'2070   0x104  I2c0SlaveApp.o [3]
  .bss               zero      0x800'2174   0x100  I2c0SlaveApp.o [3]
  .bss               zero      0x800'2274    0x88  hal_uart.o [50]
  .bss               zero      0x800'22fc    0x40  I2c0SlaveApp.o [3]
  .bss               zero      0x800'233c    0x24  cy_syslib.o [24]
  .bss               zero      0x800'2360    0x20  I2c0SlaveApp.o [3]
  .bss               zero      0x800'2380    0x18  cy_sysclk.o [21]
  .bss               zero      0x800'2398    0x18  cy_syslib.o [24]
  .bss               zero      0x800'23b0    0x10  cy_srom.o [20]
  .bss               zero      0x800'23c0     0x4  cy_syslib.o [24]
  .bss               zero      0x800'23c4     0x4  I2c0SlaveApp.o [3]
  .bss               zero      0x800'23c8     0x4  system_tviibe1m_cm0plus.o [58]
  .bss               zero      0x800'23cc     0x4  system_tviibe1m_cm0plus.o [58]
  .bss               zero      0x800'23d0     0x4  system_tviibe1m_cm0plus.o [58]
  .bss               zero      0x800'23d4     0x4  system_tviibe1m_cm0plus.o [58]
  .bss               zero      0x800'23d8     0x4  xfail_s.o [60]
  .bss               zero      0x800'23dc     0x2  CrcApp.o [3]
  .bss               zero      0x800'23de     0x2  I2c0SlaveApp.o [3]
  .bss               zero      0x800'23e0     0x2  I2c0SlaveApp.o [3]
  .bss               zero      0x800'23e2     0x2  I2c0SlaveApp.o [3]
  .bss               zero      0x800'23e4     0x2  I2c0SlaveApp.o [3]
  .bss               zero      0x800'23e6     0x1  cy_sysclk.o [21]
  .bss               zero      0x800'23e7     0x1  I2c0SlaveApp.o [3]
  .bss               zero      0x800'23e8     0x1  I2c0SlaveApp.o [3]
  .bss               zero      0x800'23e9     0x1  I2c0SlaveApp.o [3]
  .bss               zero      0x800'23ea     0x1  InitApp.o [3]
  .bss               zero      0x800'23eb     0x1  system_tviibe1m_cm0plus.o [58]
                             - 0x800'23ec   0x81c

"P2", part 3 of 3:                           0x80
  .intvec_ram        uninit    0x800'2400    0x80  startup_cm0plus.o [57]
                             - 0x800'2480    0x80

"A2":                                       0x400
  HEAP_STACK                   0x800'fc00   0x400  <Block>
    CSTACK                     0x800'fc00   0x400  <Block>
      CSTACK         uninit    0x800'fc00   0x400  <Block tail>
                             - 0x801'0000   0x400

"A0":                                        0x80
  .intvec            ro code  0x1000'0000    0x80  startup_cm0plus.o [57]
                            - 0x1000'0080    0x80

"P1":                                      0x8a69
  .text              ro code  0x1000'0080  0x11bc  cy_sysclk.o [21]
  .text              ro code  0x1000'123c    0x28  FltCmpGe.o [62]
  .text              ro code  0x1000'1264    0x26  FltCmpLe.o [62]
  .text              ro code  0x1000'128c    0xc0  strncpy.o [63]
  .text              ro code  0x1000'134c    0x90  cy_syslib.o [24]
  .text              ro code  0x1000'13dc    0x20  IxxToFlt.o [62]
  .text              ro code  0x1000'13fc    0xa4  FltDiv.o [62]
  .text              ro code  0x1000'14a0    0xb0  FltMul.o [62]
  .text              ro code  0x1000'1550    0x32  FltToDbl.o [62]
  .text              ro code  0x1000'1582    0xc0  sqrt.o [62]
  .text              ro code  0x1000'1642    0x62  DblToFlt.o [62]
  .text              ro code  0x1000'16a4    0x52  ABImemset.o [63]
  .text              ro code  0x1000'16f6    0xe0  I32DivModFast.o [63]
  .text              ro code  0x1000'17d8    0x32  I64Mul.o [63]
  .text              ro code  0x1000'180a    0x7c  I64DivMod.o [63]
  .text              ro code  0x1000'1886   0x120  FltAddSub.o [62]
  .text              ro code  0x1000'19a8    0x3a  FltToS32.o [62]
  .text              ro code  0x1000'19e2     0x8  abs.o [60]
  .text              ro code  0x1000'19ec    0x4e  ABImemcpy.o [63]
  .text              ro code  0x1000'1a40    0x1e  cy_syslib_iar.o [24]
  .text              ro code  0x1000'1a5e     0x4  cy_syslib.o [24]
  .text              ro code  0x1000'1a64     0x2  IntDivZer.o [63]
  .text              ro code  0x1000'1a68     0x2  I64DivZer.o [63]
  .text              ro code  0x1000'1a6c   0xf4c  cy_scb_i2c.o [18]
  .text              ro code  0x1000'29b8   0x1b2  cy_scb_common.o [18]
  .text              ro code  0x1000'2b6c   0xf42  xprintffull_nomb.o [60]
  .text              ro code  0x1000'3ab0    0x12  strchr.o [63]
  .text              ro code  0x1000'3ac4    0x48  xfail_s.o [60]
  .text              ro code  0x1000'3b0c     0xe  strlen.o [63]
  .text              ro code  0x1000'3b1c    0x16  memchr.o [63]
  .text              ro code  0x1000'3b32    0x2a  frexp.o [62]
  .text              ro code  0x1000'3b5c    0x32  DblCmpLe.o [62]
  .text              ro code  0x1000'3b8e    0x32  DblCmpGe.o [62]
  .text              ro code  0x1000'3bc0    0x70  ldexp.o [62]
  .text              ro code  0x1000'3c30    0x52  DblToI32.o [62]
  .text              ro code  0x1000'3c84    0x34  IxxToDbl.o [62]
  .text              ro code  0x1000'3cb8   0x1a8  DblAddSub.o [62]
  .text              ro code  0x1000'3e60    0xc2  DblDiv.o [62]
  .text              ro code  0x1000'3f22   0x184  DblMul.o [62]
  .text              ro code  0x1000'40a6     0xa  abort.o [60]
  .text              ro code  0x1000'40b0    0x14  exit.o [64]
  .text              ro code  0x1000'40c4   0x7da  cy_scb_uart.o [18]
  .text              ro code  0x1000'48a0   0x718  hal_clock.o [34]
  .text              ro code  0x1000'4fb8    0x5c  cy_syswdt.o [29]
  .text              ro code  0x1000'5014    0x30  cy_syspm.o [25]
  .text              ro code  0x1000'5044    0xb8  system_tviibe1m_cm0plus.o [58]
  .text              ro code  0x1000'50fc   0x568  I2c0SlaveApp.o [3]
  .text              ro code  0x1000'5664    0xac  CrcApp.o [3]
  .text              ro code  0x1000'5710   0x140  FlashRwApp.o [3]
  .text              ro code  0x1000'5850   0x278  hal_uart.o [50]
  .text              ro code  0x1000'5ac8    0x88  InitApp.o [3]
  .text              ro code  0x1000'5b50   0x356  hal_i2c.o [40]
  .text              ro code  0x1000'5ea8   0x446  hal_fmc.o [37]
  .text              ro code  0x1000'62f0   0x496  cyhal_hwmgr.o [36]
  .text              ro code  0x1000'6788   0x1e4  hal_gpio.o [38]
  .text              ro code  0x1000'696c    0x40  vsnprint.o [60]
  .text              ro code  0x1000'69ac    0x14  ClockApp.o [3]
  .text              ro code  0x1000'69c0    0x68  Uart1App.o [3]
  .text              ro code  0x1000'6a28   0x32c  PinIOApp.o [3]
  .text              ro code  0x1000'6d54   0x12c  cy_sysint.o [23]
  .text              ro code  0x1000'6e80   0x514  cy_flash.o [10]
  .text              ro code  0x1000'7394   0x2f6  cy_scb_spi.o [18]
  .text              ro code  0x1000'768c   0x18c  cy_gpio.o [11]
  .text              ro code  0x1000'7818   0x160  cy_srom.o [20]
  .text              ro code  0x1000'7978    0x58  cy_ipc_drv.o [12]
  .rodata            const    0x1000'79d0   0x400  CrcApp.o [3]
  .text              ro code  0x1000'7dd0   0x184  cy_interrupt_map.o [52]
  .text              ro code  0x1000'7f54   0x130  startup.o [57]
  .text              ro code  0x1000'8084    0xb4  FunApp.o [3]
  .text              ro code  0x1000'8138    0x38  hal_jump.o [41]
  .text              ro code  0x1000'8170     0xc  cy_sysreset.o [26]
  .text              ro code  0x1000'817c    0x80  lz77_init_single.o [63]
  .text              ro code  0x1000'81fc    0x6c  startup_cm0plus.o [57]
  .rodata            const    0x1000'8268    0x6a  xprintffull_nomb.o [60]
  .rodata            const    0x1000'82d4    0x60  system_tviibe1m_cm0plus.o [58]
  .text              ro code  0x1000'8334    0x58  app_main.o [2]
  .rodata            const    0x1000'838c    0x54  cy_sysclk.o [21]
  .rodata            const    0x1000'83e0    0x54  cy_sysclk.o [21]
  .rodata            const    0x1000'8434    0x4c  hal_uart.o [50]
  .rodata            const    0x1000'8480    0x4c  Uart1App.o [3]
  .rodata            const    0x1000'84cc    0x48  cy_scb_i2c.o [18]
  .text              ro code  0x1000'8514    0x3c  zero_init3.o [63]
  .rodata            const    0x1000'8550    0x30  cy_sysclk.o [21]
  .rodata            const    0x1000'8580    0x30  I2c0SlaveApp.o [3]
  .text              ro code  0x1000'85b0    0x28  data_init.o [63]
  .rodata            const    0x1000'85d8    0x24  app_main.o [2]
  .iar.init_table    const    0x1000'85fc    0x20  - Linker created -
  .rodata            const    0x1000'861c    0x20  I2c0SlaveApp.o [3]
  .rodata            const    0x1000'863c    0x20  I2c0SlaveApp.o [3]
  .rodata            const    0x1000'865c    0x20  I2c0SlaveApp.o [3]
  .rodata            const    0x1000'867c    0x20  InitApp.o [3]
  .text              ro code  0x1000'869c    0x1e  cmain.o [63]
  .text              ro code  0x1000'86bc     0x4  startup_cm0plus.o [57]
  .text              ro code  0x1000'86c0     0xa  main_cm0plus.o [1]
  .text              ro code  0x1000'86ca     0x8  exit.o [60]
  .text              ro code  0x1000'86d4     0xa  cexit.o [63]
  .rodata            const    0x1000'86e0    0x1c  I2c0SlaveApp.o [3]
  .rodata            const    0x1000'86fc    0x1c  I2c0SlaveApp.o [3]
  .rodata            const    0x1000'8718    0x1c  I2c0SlaveApp.o [3]
  .rodata            const    0x1000'8734    0x1c  I2c0SlaveApp.o [3]
  .text              ro code  0x1000'8750    0x1c  startup_cm0plus.o [57]
  .text              ro code  0x1000'876c    0x1c  startup_cm0plus.o [57]
  .text              ro code  0x1000'8788    0x1c  cstartup_M.o [63]
  .text              ro code  0x1000'87a4    0x1c  xsnprout.o [60]
  .rodata            const    0x1000'87c0    0x18  FunApp.o [3]
  .rodata            const    0x1000'87d8    0x18  system_tviibe1m_cm0plus.o [58]
  .rodata            const    0x1000'87f0    0x14  app_main.o [2]
  .rodata            const    0x1000'8804    0x14  cy_sysclk.o [21]
  .rodata            const    0x1000'8818    0x14  cy_sysclk.o [21]
  .rodata            const    0x1000'882c    0x14  FunApp.o [3]
  .rodata            const    0x1000'8840    0x10  FlashRwApp.o [3]
  .rodata            const    0x1000'8850    0x10  I2c0SlaveApp.o [3]
  .rodata            const    0x1000'8860    0x10  I2c0SlaveApp.o [3]
  .rodata            const    0x1000'8870     0xc  FlashRwApp.o [3]
  .rodata            const    0x1000'887c     0xc  FlashRwApp.o [3]
  .rodata            const    0x1000'8888     0xc  FunApp.o [3]
  .rodata            const    0x1000'8894     0xc  FunApp.o [3]
  .rodata            const    0x1000'88a0     0xc  hal_i2c.o [40]
  .text              ro code  0x1000'88ac     0xc  cy_syslib.o [24]
  .rodata            const    0x1000'88b8     0x8  cyhal_hwmgr.o [36]
  .rodata            const    0x1000'88c0     0x8  hal_fmc.o [37]
  .rodata            const    0x1000'88c8     0x8  hal_fmc.o [37]
  .rodata            const    0x1000'88d0     0x8  hal_i2c.o [40]
  .rodata            const    0x1000'88d8     0x8  hal_uart.o [50]
  .rodata            const    0x1000'88e0     0x4  cy_interrupt_map.o [52]
  .rodata            const    0x1000'88e4     0x4  cy_interrupt_map.o [52]
  .rodata            const    0x1000'88e8     0x4  cy_interrupt_map.o [52]
  .rodata            const    0x1000'88ec     0x4  cy_interrupt_map.o [52]
  .rodata            const    0x1000'88f0     0x4  cy_interrupt_map.o [52]
  .rodata            const    0x1000'88f4     0x4  cy_interrupt_map.o [52]
  .rodata            const    0x1000'88f8     0x4  cy_interrupt_map.o [52]
  .rodata            const    0x1000'88fc     0x4  cy_interrupt_map.o [52]
  .rodata            const    0x1000'8900     0x4  cy_ipc_drv.o [12]
  .rodata            const    0x1000'8904     0x4  cy_scb_i2c.o [18]
  .rodata            const    0x1000'8908     0x4  cy_scb_i2c.o [18]
  .rodata            const    0x1000'890c     0x4  cy_scb_i2c.o [18]
  .rodata            const    0x1000'8910     0x4  cy_scb_i2c.o [18]
  .rodata            const    0x1000'8914     0x4  cy_scb_i2c.o [18]
  .rodata            const    0x1000'8918     0x4  cy_scb_uart.o [18]
  .rodata            const    0x1000'891c     0x4  cy_scb_uart.o [18]
  .rodata            const    0x1000'8920     0x4  cy_scb_uart.o [18]
  .rodata            const    0x1000'8924     0x4  cy_scb_uart.o [18]
  .rodata            const    0x1000'8928     0x4  cy_scb_uart.o [18]
  .rodata            const    0x1000'892c     0x4  cy_scb_uart.o [18]
  .rodata            const    0x1000'8930     0x4  cy_scb_uart.o [18]
  .rodata            const    0x1000'8934     0x4  cy_scb_uart.o [18]
  .rodata            const    0x1000'8938     0x4  cy_scb_uart.o [18]
  .rodata            const    0x1000'893c     0x4  cy_scb_uart.o [18]
  .rodata            const    0x1000'8940     0x4  cy_sysint.o [23]
  .text              ro code  0x1000'8944     0x2  startup_cm0plus.o [57]
  .text              ro code  0x1000'8948     0x2  startup_cm0plus.o [57]
  .text              ro code  0x1000'894c     0x2  startup_cm0plus.o [57]
  .text              ro code  0x1000'8950     0x2  startup_cm0plus.o [57]
  .text              ro code  0x1000'8954     0x2  startup_cm0plus.o [57]
  .text              ro code  0x1000'8958     0x2  startup_cm0plus.o [57]
  .text              ro code  0x1000'895c     0x2  startup_cm0plus.o [57]
  .text              ro code  0x1000'8960     0x2  startup_cm0plus.o [57]
  .text              ro code  0x1000'8964     0x2  startup_cm0plus.o [57]
  .text              ro code  0x1000'8968     0x2  startup_cm0plus.o [57]
  .text              ro code  0x1000'896c     0x2  startup_cm0plus.o [57]
  .rodata            const    0x1000'896e     0x0  zero_init3.o [63]
  .rodata            const    0x1000'896e     0x0  lz77_init_single.o [63]
  Initializer bytes  const    0x1000'896e    0xc9  <for P2-1>
                            - 0x1000'8a37  0x89b7

Unused ranges:

         From           To      Size
         ----           --      ----
   0x800'0800   0x800'14ff     0xd00
   0x800'1502   0x800'1503       0x2
   0x800'1bcd   0x800'1bcf       0x3
   0x800'23ec   0x800'23ff      0x14
   0x800'2480   0x800'fbff    0xd780
  0x1000'8ae9  0x1007'ffff  0x7'7517


*******************************************************************************
*** INIT TABLE
***

          Address      Size
          -------      ----
Zero (__iar_zero_init3)
    1 destination range, total size 0x81c:
           0x800'1bd0  0x81c

Copy/lz77 (__iar_lz77_init_single3)
    1 source range, total size 0xc9 (11% of destination):
          0x1000'896e   0xc9
    1 destination range, total size 0x6c9:
           0x800'1504  0x6c9



*******************************************************************************
*** MODULE SUMMARY
***

    Module                     ro code  ro data  rw data  rw data
                                                           (abs)
    ------                     -------  -------  -------  -------
command line/config:
    -------------------------------------------------------------
    Total:

C:\TVII_Sample_Driver_Library_7.1.0\tviibe1m_backup\tools\iar\flash\cm0plus\rev_d\Obj\src: [1]
    main_cm0plus.o                  10
    -------------------------------------------------------------
    Total:                          10

C:\TVII_Sample_Driver_Library_7.1.0\tviibe1m_backup\tools\iar\flash\cm0plus\rev_d\Obj\src\app: [2]
    app_main.o                      88       56                 2
    -------------------------------------------------------------
    Total:                          88       56                 2

C:\TVII_Sample_Driver_Library_7.1.0\tviibe1m_backup\tools\iar\flash\cm0plus\rev_d\Obj\src\app\src: [3]
    ClockApp.o                      20
    CrcApp.o                       172    1'024        2
    FlashRwApp.o                   320       40
    FunApp.o                       180       71       20
    I2c0SlaveApp.o               1'384      288      631
    InitApp.o                      136       32        1
    PinIOApp.o                     812
    Uart1App.o                     104       76
    -------------------------------------------------------------
    Total:                       3'128    1'531      654

C:\TVII_Sample_Driver_Library_7.1.0\tviibe1m_backup\tools\iar\flash\cm0plus\rev_d\Obj\src\drivers\adc: [4]
    -------------------------------------------------------------
    Total:

C:\TVII_Sample_Driver_Library_7.1.0\tviibe1m_backup\tools\iar\flash\cm0plus\rev_d\Obj\src\drivers\canfd: [5]
    -------------------------------------------------------------
    Total:

C:\TVII_Sample_Driver_Library_7.1.0\tviibe1m_backup\tools\iar\flash\cm0plus\rev_d\Obj\src\drivers\cpu: [6]
    -------------------------------------------------------------
    Total:

C:\TVII_Sample_Driver_Library_7.1.0\tviibe1m_backup\tools\iar\flash\cm0plus\rev_d\Obj\src\drivers\crypto: [7]
    -------------------------------------------------------------
    Total:

C:\TVII_Sample_Driver_Library_7.1.0\tviibe1m_backup\tools\iar\flash\cm0plus\rev_d\Obj\src\drivers\dma: [8]
    -------------------------------------------------------------
    Total:

C:\TVII_Sample_Driver_Library_7.1.0\tviibe1m_backup\tools\iar\flash\cm0plus\rev_d\Obj\src\drivers\evtgen: [9]
    -------------------------------------------------------------
    Total:

C:\TVII_Sample_Driver_Library_7.1.0\tviibe1m_backup\tools\iar\flash\cm0plus\rev_d\Obj\src\drivers\flash: [10]
    cy_flash.o                   1'300
    -------------------------------------------------------------
    Total:                       1'300

C:\TVII_Sample_Driver_Library_7.1.0\tviibe1m_backup\tools\iar\flash\cm0plus\rev_d\Obj\src\drivers\gpio: [11]
    cy_gpio.o                      396
    -------------------------------------------------------------
    Total:                         396

C:\TVII_Sample_Driver_Library_7.1.0\tviibe1m_backup\tools\iar\flash\cm0plus\rev_d\Obj\src\drivers\ipc: [12]
    cy_ipc_drv.o                    88        4
    -------------------------------------------------------------
    Total:                          88        4

C:\TVII_Sample_Driver_Library_7.1.0\tviibe1m_backup\tools\iar\flash\cm0plus\rev_d\Obj\src\drivers\lin: [13]
    -------------------------------------------------------------
    Total:

C:\TVII_Sample_Driver_Library_7.1.0\tviibe1m_backup\tools\iar\flash\cm0plus\rev_d\Obj\src\drivers\lvd: [14]
    -------------------------------------------------------------
    Total:

C:\TVII_Sample_Driver_Library_7.1.0\tviibe1m_backup\tools\iar\flash\cm0plus\rev_d\Obj\src\drivers\mcwdt: [15]
    -------------------------------------------------------------
    Total:

C:\TVII_Sample_Driver_Library_7.1.0\tviibe1m_backup\tools\iar\flash\cm0plus\rev_d\Obj\src\drivers\mpu: [16]
    -------------------------------------------------------------
    Total:

C:\TVII_Sample_Driver_Library_7.1.0\tviibe1m_backup\tools\iar\flash\cm0plus\rev_d\Obj\src\drivers\prot: [17]
    -------------------------------------------------------------
    Total:

C:\TVII_Sample_Driver_Library_7.1.0\tviibe1m_backup\tools\iar\flash\cm0plus\rev_d\Obj\src\drivers\scb: [18]
    cy_scb_common.o                434
    cy_scb_i2c.o                 3'916       92
    cy_scb_spi.o                   758
    cy_scb_uart.o                2'010       40
    -------------------------------------------------------------
    Total:                       7'118      132

C:\TVII_Sample_Driver_Library_7.1.0\tviibe1m_backup\tools\iar\flash\cm0plus\rev_d\Obj\src\drivers\smartio: [19]
    -------------------------------------------------------------
    Total:

C:\TVII_Sample_Driver_Library_7.1.0\tviibe1m_backup\tools\iar\flash\cm0plus\rev_d\Obj\src\drivers\srom: [20]
    cy_srom.o                      352                16
    -------------------------------------------------------------
    Total:                         352                16

C:\TVII_Sample_Driver_Library_7.1.0\tviibe1m_backup\tools\iar\flash\cm0plus\rev_d\Obj\src\drivers\sysclk: [21]
    cy_sysclk.o                  4'540      256       25
    -------------------------------------------------------------
    Total:                       4'540      256       25

C:\TVII_Sample_Driver_Library_7.1.0\tviibe1m_backup\tools\iar\flash\cm0plus\rev_d\Obj\src\drivers\sysflt: [22]
    -------------------------------------------------------------
    Total:

C:\TVII_Sample_Driver_Library_7.1.0\tviibe1m_backup\tools\iar\flash\cm0plus\rev_d\Obj\src\drivers\sysint: [23]
    cy_sysint.o                    300        4
    -------------------------------------------------------------
    Total:                         300        4

C:\TVII_Sample_Driver_Library_7.1.0\tviibe1m_backup\tools\iar\flash\cm0plus\rev_d\Obj\src\drivers\syslib: [24]
    cy_syslib.o                    160                64
    cy_syslib_iar.o                 30
    -------------------------------------------------------------
    Total:                         190                64

C:\TVII_Sample_Driver_Library_7.1.0\tviibe1m_backup\tools\iar\flash\cm0plus\rev_d\Obj\src\drivers\syspm: [25]
    cy_syspm.o                      48
    -------------------------------------------------------------
    Total:                          48

C:\TVII_Sample_Driver_Library_7.1.0\tviibe1m_backup\tools\iar\flash\cm0plus\rev_d\Obj\src\drivers\sysreset: [26]
    cy_sysreset.o                   12
    -------------------------------------------------------------
    Total:                          12

C:\TVII_Sample_Driver_Library_7.1.0\tviibe1m_backup\tools\iar\flash\cm0plus\rev_d\Obj\src\drivers\sysrtc: [27]
    -------------------------------------------------------------
    Total:

C:\TVII_Sample_Driver_Library_7.1.0\tviibe1m_backup\tools\iar\flash\cm0plus\rev_d\Obj\src\drivers\systick: [28]
    -------------------------------------------------------------
    Total:

C:\TVII_Sample_Driver_Library_7.1.0\tviibe1m_backup\tools\iar\flash\cm0plus\rev_d\Obj\src\drivers\syswdt: [29]
    cy_syswdt.o                     92
    -------------------------------------------------------------
    Total:                          92

C:\TVII_Sample_Driver_Library_7.1.0\tviibe1m_backup\tools\iar\flash\cm0plus\rev_d\Obj\src\drivers\tcpwm: [30]
    -------------------------------------------------------------
    Total:

C:\TVII_Sample_Driver_Library_7.1.0\tviibe1m_backup\tools\iar\flash\cm0plus\rev_d\Obj\src\drivers\trigmux: [31]
    -------------------------------------------------------------
    Total:

C:\TVII_Sample_Driver_Library_7.1.0\tviibe1m_backup\tools\iar\flash\cm0plus\rev_d\Obj\src\hal: [32]
    -------------------------------------------------------------
    Total:

C:\TVII_Sample_Driver_Library_7.1.0\tviibe1m_backup\tools\iar\flash\cm0plus\rev_d\Obj\src\hal\adc: [33]
    -------------------------------------------------------------
    Total:

C:\TVII_Sample_Driver_Library_7.1.0\tviibe1m_backup\tools\iar\flash\cm0plus\rev_d\Obj\src\hal\clock: [34]
    hal_clock.o                  1'816
    -------------------------------------------------------------
    Total:                       1'816

C:\TVII_Sample_Driver_Library_7.1.0\tviibe1m_backup\tools\iar\flash\cm0plus\rev_d\Obj\src\hal\crypto: [35]
    -------------------------------------------------------------
    Total:

C:\TVII_Sample_Driver_Library_7.1.0\tviibe1m_backup\tools\iar\flash\cm0plus\rev_d\Obj\src\hal\cy_hdr: [36]
    cyhal_hwmgr.o                1'174       32      208
    -------------------------------------------------------------
    Total:                       1'174       32      208

C:\TVII_Sample_Driver_Library_7.1.0\tviibe1m_backup\tools\iar\flash\cm0plus\rev_d\Obj\src\hal\fmc: [37]
    hal_fmc.o                    1'094       16
    -------------------------------------------------------------
    Total:                       1'094       16

C:\TVII_Sample_Driver_Library_7.1.0\tviibe1m_backup\tools\iar\flash\cm0plus\rev_d\Obj\src\hal\gpio: [38]
    hal_gpio.o                     484
    -------------------------------------------------------------
    Total:                         484

C:\TVII_Sample_Driver_Library_7.1.0\tviibe1m_backup\tools\iar\flash\cm0plus\rev_d\Obj\src\hal\hal_config: [39]
    hal_clock_config.o                        5       44
    hal_fmc_config.o                          1        1
    hal_gpio_config.o                         2       16
    hal_i2c_config.o                          2       16
    hal_uart_config.o                         1       12
    -------------------------------------------------------------
    Total:                                   11       89

C:\TVII_Sample_Driver_Library_7.1.0\tviibe1m_backup\tools\iar\flash\cm0plus\rev_d\Obj\src\hal\i2c: [40]
    hal_i2c.o                      854       20      704
    -------------------------------------------------------------
    Total:                         854       20      704

C:\TVII_Sample_Driver_Library_7.1.0\tviibe1m_backup\tools\iar\flash\cm0plus\rev_d\Obj\src\hal\jump: [41]
    hal_jump.o                      56
    -------------------------------------------------------------
    Total:                          56

C:\TVII_Sample_Driver_Library_7.1.0\tviibe1m_backup\tools\iar\flash\cm0plus\rev_d\Obj\src\hal\pm: [42]
    -------------------------------------------------------------
    Total:

C:\TVII_Sample_Driver_Library_7.1.0\tviibe1m_backup\tools\iar\flash\cm0plus\rev_d\Obj\src\hal\pwm: [43]
    -------------------------------------------------------------
    Total:

C:\TVII_Sample_Driver_Library_7.1.0\tviibe1m_backup\tools\iar\flash\cm0plus\rev_d\Obj\src\hal\sp: [44]
    -------------------------------------------------------------
    Total:

C:\TVII_Sample_Driver_Library_7.1.0\tviibe1m_backup\tools\iar\flash\cm0plus\rev_d\Obj\src\hal\spi: [45]
    -------------------------------------------------------------
    Total:

C:\TVII_Sample_Driver_Library_7.1.0\tviibe1m_backup\tools\iar\flash\cm0plus\rev_d\Obj\src\hal\srom: [46]
    -------------------------------------------------------------
    Total:

C:\TVII_Sample_Driver_Library_7.1.0\tviibe1m_backup\tools\iar\flash\cm0plus\rev_d\Obj\src\hal\sysreset: [47]
    -------------------------------------------------------------
    Total:

C:\TVII_Sample_Driver_Library_7.1.0\tviibe1m_backup\tools\iar\flash\cm0plus\rev_d\Obj\src\hal\systick: [48]
    -------------------------------------------------------------
    Total:

C:\TVII_Sample_Driver_Library_7.1.0\tviibe1m_backup\tools\iar\flash\cm0plus\rev_d\Obj\src\hal\timer: [49]
    -------------------------------------------------------------
    Total:

C:\TVII_Sample_Driver_Library_7.1.0\tviibe1m_backup\tools\iar\flash\cm0plus\rev_d\Obj\src\hal\uart: [50]
    hal_uart.o                     632       84      616
    -------------------------------------------------------------
    Total:                         632       84      616

C:\TVII_Sample_Driver_Library_7.1.0\tviibe1m_backup\tools\iar\flash\cm0plus\rev_d\Obj\src\hal\wdt: [51]
    -------------------------------------------------------------
    Total:

C:\TVII_Sample_Driver_Library_7.1.0\tviibe1m_backup\tools\iar\flash\cm0plus\rev_d\Obj\src\interrupts\rev_d: [52]
    cy_interrupt_map.o             388      195    1'416
    -------------------------------------------------------------
    Total:                         388      195    1'416

C:\TVII_Sample_Driver_Library_7.1.0\tviibe1m_backup\tools\iar\flash\cm0plus\rev_d\Obj\src\mw\button: [53]
    -------------------------------------------------------------
    Total:

C:\TVII_Sample_Driver_Library_7.1.0\tviibe1m_backup\tools\iar\flash\cm0plus\rev_d\Obj\src\mw\flash: [54]
    -------------------------------------------------------------
    Total:

C:\TVII_Sample_Driver_Library_7.1.0\tviibe1m_backup\tools\iar\flash\cm0plus\rev_d\Obj\src\mw\semihosting: [55]
    -------------------------------------------------------------
    Total:

C:\TVII_Sample_Driver_Library_7.1.0\tviibe1m_backup\tools\iar\flash\cm0plus\rev_d\Obj\src\mw\sw_timer: [56]
    -------------------------------------------------------------
    Total:

C:\TVII_Sample_Driver_Library_7.1.0\tviibe1m_backup\tools\iar\flash\cm0plus\rev_d\Obj\src\startup: [57]
    startup.o                      304
    startup_cm0plus.o              318               128
    -------------------------------------------------------------
    Total:                         622               128

C:\TVII_Sample_Driver_Library_7.1.0\tviibe1m_backup\tools\iar\flash\cm0plus\rev_d\Obj\src\system\rev_d: [58]
    system_tviibe1m_cm0plus.o      184      120       17
    -------------------------------------------------------------
    Total:                         184      120       17

C:\TVII_Sample_Driver_Library_7.1.0\tviibe1m_backup\tools\iar\flash\cm0plus\rev_d\Obj\testbed: [59]
    -------------------------------------------------------------
    Total:

dl6M_tln.a: [60]
    abort.o                         10
    abs.o                            8
    exit.o                           8
    vsnprint.o                      64
    xfail_s.o                       72                 4
    xprintffull_nomb.o           3'906      106
    xsnprout.o                      28
    -------------------------------------------------------------
    Total:                       4'096      106        4

libcrypto_server_cm0plus_iar.a: [61]
    -------------------------------------------------------------
    Total:

m6M_tl.a: [62]
    DblAddSub.o                    424
    DblCmpGe.o                      50
    DblCmpLe.o                      50
    DblDiv.o                       194
    DblMul.o                       388
    DblToFlt.o                      98
    DblToI32.o                      82
    FltAddSub.o                    288
    FltCmpGe.o                      40
    FltCmpLe.o                      38
    FltDiv.o                       164
    FltMul.o                       176
    FltToDbl.o                      50
    FltToS32.o                      58
    IxxToDbl.o                      52
    IxxToFlt.o                      32
    frexp.o                         42
    ldexp.o                        112
    sqrt.o                         192
    -------------------------------------------------------------
    Total:                       2'530

rt6M_tl.a: [63]
    ABImemcpy.o                     78
    ABImemset.o                     82
    I32DivModFast.o                224
    I64DivMod.o                    124
    I64DivZer.o                      2
    I64Mul.o                        50
    IntDivZer.o                      2
    cexit.o                         10
    cmain.o                         30
    cstartup_M.o                    28
    data_init.o                     40
    lz77_init_single.o             128
    memchr.o                        22
    strchr.o                        18
    strlen.o                        14
    strncpy.o                      192
    zero_init3.o                    60
    -------------------------------------------------------------
    Total:                       1'104

shb_l.a: [64]
    exit.o                          20
    -------------------------------------------------------------
    Total:                          20

    Gaps                            64        4
    Linker created                           32    1'024
-----------------------------------------------------------------
    Grand Total:                32'780    2'603    4'965        2


*******************************************************************************
*** ENTRY LIST
***

Entry                       Address   Size  Type      Object
-----                       -------   ----  ----      ------
.iar.init_table$$Base   0x1000'85fc          --   Gb  - Linker created -
.iar.init_table$$Limit  0x1000'861c          --   Gb  - Linker created -
?main                   0x1000'869d         Code  Gb  cmain.o [63]
CSTACK$$Base             0x800'fc00          --   Gb  - Linker created -
CSTACK$$Limit            0x801'0000          --   Gb  - Linker created -
CYHAL_SCB_Clock_Init    0x1000'6603   0x3a  Code  Gb  cyhal_hwmgr.o [36]
CYHAL_SCB_Divider24_5_Assign
                        0x1000'65a9   0x5a  Code  Gb  cyhal_hwmgr.o [36]
CYHAL_SCB_Get           0x1000'6505   0x26  Code  Gb  cyhal_hwmgr.o [36]
CYHAL_SCB_IRQ_Set       0x1000'6649   0x64  Code  Gb  cyhal_hwmgr.o [36]
ClockApp_Init           0x1000'69ad   0x14  Code  Gb  ClockApp.o [3]
CopyVectorTable         0x1000'7ff1   0x32  Code  Lc  startup.o [57]
CpuUserInt0_Handler     0x1000'7ded   0x24  Code  Gb  cy_interrupt_map.o [52]
CpuUserInt10_Handler    0x1000'8959         Code  Wk  startup_cm0plus.o [57]
CpuUserInt11_Handler    0x1000'895d         Code  Wk  startup_cm0plus.o [57]
CpuUserInt12_Handler    0x1000'8961         Code  Wk  startup_cm0plus.o [57]
CpuUserInt13_Handler    0x1000'8965         Code  Wk  startup_cm0plus.o [57]
CpuUserInt14_Handler    0x1000'8969         Code  Wk  startup_cm0plus.o [57]
CpuUserInt15_Handler    0x1000'896d         Code  Wk  startup_cm0plus.o [57]
CpuUserInt1_Handler     0x1000'7e11   0x24  Code  Gb  cy_interrupt_map.o [52]
CpuUserInt2_Handler     0x1000'7e35   0x24  Code  Gb  cy_interrupt_map.o [52]
CpuUserInt3_Handler     0x1000'7e59   0x24  Code  Gb  cy_interrupt_map.o [52]
CpuUserInt4_Handler     0x1000'7e7d   0x24  Code  Gb  cy_interrupt_map.o [52]
CpuUserInt5_Handler     0x1000'7ea1   0x24  Code  Gb  cy_interrupt_map.o [52]
CpuUserInt6_Handler     0x1000'7ec5   0x24  Code  Gb  cy_interrupt_map.o [52]
CpuUserInt7_Handler     0x1000'7ee9   0x24  Code  Gb  cy_interrupt_map.o [52]
CpuUserInt8_Handler     0x1000'8951         Code  Wk  startup_cm0plus.o [57]
CpuUserInt9_Handler     0x1000'8955         Code  Wk  startup_cm0plus.o [57]
CrcApp_CalculateAllDataCheckSum16
                        0x1000'56dd   0x22  Code  Gb  CrcApp.o [3]
CrcApp_CalculateCheckSum8
                        0x1000'56cf    0xe  Code  Gb  CrcApp.o [3]
CrcApp_CalculateSum16   0x1000'56ab   0x24  Code  Gb  CrcApp.o [3]
CrcApp_CalculateSum8    0x1000'5687   0x24  Code  Gb  CrcApp.o [3]
CrcApp_Crc32_Calculation
                        0x1000'5665   0x22  Code  Gb  CrcApp.o [3]
CrcApp_GetCheckSum16    0x1000'56ff    0x6  Code  Gb  CrcApp.o [3]
Cy_DefaultUserHandler   0x1000'7de9    0x4  Code  Gb  cy_interrupt_map.o [52]
Cy_Flash_BlankCheck     0x1000'72c9   0xb8  Code  Gb  cy_flash.o [10]
Cy_Flash_BoundsCheck    0x1000'7131   0x24  Code  Gb  cy_flash.o [10]
Cy_Flash_CallSromApiForFlashWrite
                        0x1000'6eb3   0x62  Code  Lc  cy_flash.o [10]
Cy_Flash_EraseSector    0x1000'71f9   0x78  Code  Gb  cy_flash.o [10]
Cy_Flash_IsMainSmallSector
                        0x1000'70f1   0x3c  Code  Gb  cy_flash.o [10]
Cy_Flash_IsWorkSmallSector
                        0x1000'703d   0x3c  Code  Gb  cy_flash.o [10]
Cy_Flash_MainBoundsCheck
                        0x1000'7081   0x6e  Code  Gb  cy_flash.o [10]
Cy_Flash_ProcessOpcode  0x1000'7155   0x9a  Code  Gb  cy_flash.o [10]
Cy_Flash_ProgramRow     0x1000'6f15   0xa0  Code  Gb  cy_flash.o [10]
Cy_Flash_WorkBoundsCheck
                        0x1000'6fc5   0x6e  Code  Gb  cy_flash.o [10]
Cy_Flashc_GetMainBankMode
                        0x1000'6e8f    0xe  Code  Lc  cy_flash.o [10]
Cy_Flashc_GetWorkBankMode
                        0x1000'6e81    0xe  Code  Lc  cy_flash.o [10]
Cy_Flashc_InvalidateFlashCacheBuffer
                        0x1000'6e9d   0x16  Code  Lc  cy_flash.o [10]
Cy_Flashc_MainWriteEnable
                        0x1000'5ea9    0xc  Code  Lc  hal_fmc.o [37]
Cy_Flashc_WorkWriteDisable
                        0x1000'5ec1    0xc  Code  Lc  hal_fmc.o [37]
Cy_Flashc_WorkWriteEnable
                        0x1000'5eb5    0xc  Code  Lc  hal_fmc.o [37]
Cy_GPIO_ClearInterrupt  0x1000'7759    0xc  Code  Lc  cy_gpio.o [11]
Cy_GPIO_Pin_Init        0x1000'779b   0x72  Code  Gb  cy_gpio.o [11]
Cy_GPIO_Read            0x1000'6789    0xc  Code  Lc  hal_gpio.o [38]
Cy_GPIO_SetDriveSel     0x1000'773b   0x1e  Code  Lc  cy_gpio.o [11]
Cy_GPIO_SetDrivemode    0x1000'76eb   0x1c  Code  Lc  cy_gpio.o [11]
Cy_GPIO_SetHSIOM        0x1000'768d   0x48  Code  Lc  cy_gpio.o [11]
Cy_GPIO_SetInterruptEdge
                        0x1000'777f   0x1c  Code  Lc  cy_gpio.o [11]
Cy_GPIO_SetInterruptMask
                        0x1000'7765   0x1a  Code  Lc  cy_gpio.o [11]
Cy_GPIO_SetSlewRate     0x1000'7721   0x1a  Code  Lc  cy_gpio.o [11]
Cy_GPIO_SetVtrip        0x1000'7707   0x1a  Code  Lc  cy_gpio.o [11]
Cy_GPIO_Write           0x1000'76d5   0x16  Code  Lc  cy_gpio.o [11]
Cy_GPIO_Write           0x1000'6795   0x16  Code  Lc  hal_gpio.o [38]
Cy_IPC_Drv_AcquireNotify
                        0x1000'7979   0x10  Code  Lc  cy_ipc_drv.o [12]
Cy_IPC_Drv_IsLockAcquired
                        0x1000'7819    0x8  Code  Lc  cy_srom.o [20]
Cy_IPC_Drv_LockAcquire  0x1000'798d   0x12  Code  Gb  cy_ipc_drv.o [12]
Cy_IPC_Drv_SendMsgWord  0x1000'799f   0x2a  Code  Gb  cy_ipc_drv.o [12]
Cy_IPC_Drv_WriteDataValue
                        0x1000'7989    0x4  Code  Lc  cy_ipc_drv.o [12]
Cy_SCB_ClearI2CInterrupt
                        0x1000'1b8d    0xe  Code  Lc  cy_scb_i2c.o [18]
Cy_SCB_ClearMasterInterrupt
                        0x1000'1b59    0xe  Code  Lc  cy_scb_i2c.o [18]
Cy_SCB_ClearRxFifo      0x1000'1a95   0x26  Code  Lc  cy_scb_i2c.o [18]
Cy_SCB_ClearRxInterrupt
                        0x1000'1b17    0xe  Code  Lc  cy_scb_i2c.o [18]
Cy_SCB_ClearRxInterrupt
                        0x1000'73c9    0xe  Code  Lc  cy_scb_spi.o [18]
Cy_SCB_ClearRxInterrupt
                        0x1000'4115    0xe  Code  Lc  cy_scb_uart.o [18]
Cy_SCB_ClearSlaveInterrupt
                        0x1000'1b73    0xe  Code  Lc  cy_scb_i2c.o [18]
Cy_SCB_ClearTxFifo      0x1000'1add   0x26  Code  Lc  cy_scb_i2c.o [18]
Cy_SCB_ClearTxInterrupt
                        0x1000'1b37    0xe  Code  Lc  cy_scb_i2c.o [18]
Cy_SCB_ClearTxInterrupt
                        0x1000'73d7    0xe  Code  Lc  cy_scb_spi.o [18]
Cy_SCB_ClearTxInterrupt
                        0x1000'4149    0xe  Code  Lc  cy_scb_uart.o [18]
Cy_SCB_FwBlockReset     0x1000'1bb1   0x20  Code  Lc  cy_scb_i2c.o [18]
Cy_SCB_GetFifoSize      0x1000'29e1   0x16  Code  Lc  cy_scb_common.o [18]
Cy_SCB_GetFifoSize      0x1000'1b9b   0x16  Code  Lc  cy_scb_i2c.o [18]
Cy_SCB_GetFifoSize      0x1000'73e5   0x16  Code  Lc  cy_scb_spi.o [18]
Cy_SCB_GetFifoSize      0x1000'4157   0x16  Code  Lc  cy_scb_uart.o [18]
Cy_SCB_GetI2CInterruptStatusMasked
                        0x1000'1b87    0x6  Code  Lc  cy_scb_i2c.o [18]
Cy_SCB_GetInterruptCause
                        0x1000'1b03    0x8  Code  Lc  cy_scb_i2c.o [18]
Cy_SCB_GetInterruptCause
                        0x1000'4101    0x8  Code  Lc  cy_scb_uart.o [18]
Cy_SCB_GetMasterInterruptStatus
                        0x1000'1b45    0x8  Code  Lc  cy_scb_i2c.o [18]
Cy_SCB_GetMasterInterruptStatusMasked
                        0x1000'1b53    0x6  Code  Lc  cy_scb_i2c.o [18]
Cy_SCB_GetNumInRxFifo   0x1000'29c1    0xc  Code  Lc  cy_scb_common.o [18]
Cy_SCB_GetNumInRxFifo   0x1000'1a89    0xc  Code  Lc  cy_scb_i2c.o [18]
Cy_SCB_GetNumInRxFifo   0x1000'73b1    0xc  Code  Lc  cy_scb_spi.o [18]
Cy_SCB_GetNumInRxFifo   0x1000'40e1    0xc  Code  Lc  cy_scb_uart.o [18]
Cy_SCB_GetNumInTxFifo   0x1000'29d5    0xc  Code  Lc  cy_scb_common.o [18]
Cy_SCB_GetNumInTxFifo   0x1000'1ac3    0xc  Code  Lc  cy_scb_i2c.o [18]
Cy_SCB_GetNumInTxFifo   0x1000'73bd    0xc  Code  Lc  cy_scb_spi.o [18]
Cy_SCB_GetNumInTxFifo   0x1000'40f5    0xc  Code  Lc  cy_scb_uart.o [18]
Cy_SCB_GetNumInTxFifo   0x1000'5851    0xc  Code  Lc  hal_uart.o [50]
Cy_SCB_GetRxFifoLevel   0x1000'1bd1    0xa  Code  Lc  cy_scb_i2c.o [18]
Cy_SCB_GetRxInterruptStatusMasked
                        0x1000'1b11    0x6  Code  Lc  cy_scb_i2c.o [18]
Cy_SCB_GetRxInterruptStatusMasked
                        0x1000'410f    0x6  Code  Lc  cy_scb_uart.o [18]
Cy_SCB_GetSlaveInterruptStatusMasked
                        0x1000'1b6d    0x6  Code  Lc  cy_scb_i2c.o [18]
Cy_SCB_GetTxInterruptMask
                        0x1000'4129    0x6  Code  Lc  cy_scb_uart.o [18]
Cy_SCB_GetTxInterruptStatusMasked
                        0x1000'1b31    0x6  Code  Lc  cy_scb_i2c.o [18]
Cy_SCB_GetTxInterruptStatusMasked
                        0x1000'412f    0x6  Code  Lc  cy_scb_uart.o [18]
Cy_SCB_GetTxSrValid     0x1000'1acf    0xe  Code  Lc  cy_scb_i2c.o [18]
Cy_SCB_GetTxSrValid     0x1000'585d    0xe  Code  Lc  hal_uart.o [50]
Cy_SCB_I2C_DeInit       0x1000'1d8d   0x4a  Code  Gb  cy_scb_i2c.o [18]
Cy_SCB_I2C_Disable      0x1000'1e19   0x16  Code  Gb  cy_scb_i2c.o [18]
Cy_SCB_I2C_Enable       0x1000'5b51    0xc  Code  Lc  hal_i2c.o [40]
Cy_SCB_I2C_GetDataRate  0x1000'1fb5   0x68  Code  Gb  cy_scb_i2c.o [18]
Cy_SCB_I2C_Init         0x1000'1c05  0x182  Code  Gb  cy_scb_i2c.o [18]
Cy_SCB_I2C_Interrupt    0x1000'20fd   0x14  Code  Gb  cy_scb_i2c.o [18]
Cy_SCB_I2C_MasterSetHighPhaseDutyCycle
                        0x1000'1bf1   0x14  Code  Lc  cy_scb_i2c.o [18]
Cy_SCB_I2C_MasterSetLowPhaseDutyCycle
                        0x1000'1bdb   0x16  Code  Lc  cy_scb_i2c.o [18]
Cy_SCB_I2C_RegisterEventCallback
                        0x1000'5b5d    0x4  Code  Lc  hal_i2c.o [40]
Cy_SCB_I2C_SetDataRate  0x1000'1e5d  0x158  Code  Gb  cy_scb_i2c.o [18]
Cy_SCB_I2C_SlaveConfigReadBuf
                        0x1000'2021   0x42  Code  Gb  cy_scb_i2c.o [18]
Cy_SCB_I2C_SlaveConfigWriteBuf
                        0x1000'2063   0x40  Code  Gb  cy_scb_i2c.o [18]
Cy_SCB_I2C_SlaveGetStatus
                        0x1000'201d    0x4  Code  Gb  cy_scb_i2c.o [18]
Cy_SCB_I2C_SlaveGetWriteTransferCount
                        0x1000'20a9    0x4  Code  Gb  cy_scb_i2c.o [18]
Cy_SCB_IsRxDataWidthByte
                        0x1000'29f7   0x1a  Code  Lc  cy_scb_common.o [18]
Cy_SCB_IsRxDataWidthByte
                        0x1000'73fb   0x1a  Code  Lc  cy_scb_spi.o [18]
Cy_SCB_IsRxDataWidthByte
                        0x1000'416d   0x1a  Code  Lc  cy_scb_uart.o [18]
Cy_SCB_IsTxComplete     0x1000'586b   0x22  Code  Lc  hal_uart.o [50]
Cy_SCB_IsTxDataWidthByte
                        0x1000'2a11   0x1a  Code  Lc  cy_scb_common.o [18]
Cy_SCB_IsTxDataWidthByte
                        0x1000'7415   0x1a  Code  Lc  cy_scb_spi.o [18]
Cy_SCB_IsTxDataWidthByte
                        0x1000'4187   0x1a  Code  Lc  cy_scb_uart.o [18]
Cy_SCB_ReadArray        0x1000'2a69   0x24  Code  Gb  cy_scb_common.o [18]
Cy_SCB_ReadArrayNoCheck
                        0x1000'2a2b   0x3e  Code  Gb  cy_scb_common.o [18]
Cy_SCB_ReadRxFifo       0x1000'29b9    0x8  Code  Lc  cy_scb_common.o [18]
Cy_SCB_ReadRxFifo       0x1000'1a6d    0x8  Code  Lc  cy_scb_i2c.o [18]
Cy_SCB_ReadRxFifo       0x1000'7395    0x8  Code  Lc  cy_scb_spi.o [18]
Cy_SCB_ReadRxFifo       0x1000'40c5    0x8  Code  Lc  cy_scb_uart.o [18]
Cy_SCB_SPI_Interrupt    0x1000'7437  0x112  Code  Gb  cy_scb_spi.o [18]
Cy_SCB_SPI_Read         0x1000'742f    0x8  Code  Lc  cy_scb_spi.o [18]
Cy_SCB_SetI2CInterruptMask
                        0x1000'1b81    0x6  Code  Lc  cy_scb_i2c.o [18]
Cy_SCB_SetMasterInterruptMask
                        0x1000'1b4d    0x6  Code  Lc  cy_scb_i2c.o [18]
Cy_SCB_SetRxFifoLevel   0x1000'1a75   0x14  Code  Lc  cy_scb_i2c.o [18]
Cy_SCB_SetRxFifoLevel   0x1000'739d   0x14  Code  Lc  cy_scb_spi.o [18]
Cy_SCB_SetRxFifoLevel   0x1000'40cd   0x14  Code  Lc  cy_scb_uart.o [18]
Cy_SCB_SetRxInterrupt   0x1000'1b25    0x6  Code  Lc  cy_scb_i2c.o [18]
Cy_SCB_SetRxInterruptMask
                        0x1000'1b0b    0x6  Code  Lc  cy_scb_i2c.o [18]
Cy_SCB_SetRxInterruptMask
                        0x1000'4109    0x6  Code  Lc  cy_scb_uart.o [18]
Cy_SCB_SetSlaveInterruptMask
                        0x1000'1b67    0x6  Code  Lc  cy_scb_i2c.o [18]
Cy_SCB_SetTxInterruptMask
                        0x1000'1b2b    0x6  Code  Lc  cy_scb_i2c.o [18]
Cy_SCB_SetTxInterruptMask
                        0x1000'4123    0x6  Code  Lc  cy_scb_uart.o [18]
Cy_SCB_UART_DeInit      0x1000'44f5   0x4e  Code  Gb  cy_scb_uart.o [18]
Cy_SCB_UART_Disable     0x1000'4555   0x1a  Code  Gb  cy_scb_uart.o [18]
Cy_SCB_UART_Enable      0x1000'588d    0xc  Code  Lc  hal_uart.o [50]
Cy_SCB_UART_GetArray    0x1000'41a1    0x8  Code  Lc  cy_scb_uart.o [18]
Cy_SCB_UART_GetNumInRingBuffer
                        0x1000'4599   0x1a  Code  Gb  cy_scb_uart.o [18]
Cy_SCB_UART_Init        0x1000'41b1  0x30c  Code  Gb  cy_scb_uart.o [18]
Cy_SCB_UART_Interrupt   0x1000'45b9   0xfe  Code  Gb  cy_scb_uart.o [18]
Cy_SCB_UART_IsTxComplete
                        0x1000'58a1    0x8  Code  Lc  hal_uart.o [50]
Cy_SCB_UART_PutArray    0x1000'41a9    0x8  Code  Lc  cy_scb_uart.o [18]
Cy_SCB_UART_PutString   0x1000'5899    0x8  Code  Lc  hal_uart.o [50]
Cy_SCB_WriteArray       0x1000'2acb   0x2c  Code  Gb  cy_scb_common.o [18]
Cy_SCB_WriteArrayNoCheck
                        0x1000'2a8d   0x3e  Code  Gb  cy_scb_common.o [18]
Cy_SCB_WriteDefaultArray
                        0x1000'2b3f   0x2c  Code  Gb  cy_scb_common.o [18]
Cy_SCB_WriteDefaultArrayNoCheck
                        0x1000'2b25   0x1a  Code  Gb  cy_scb_common.o [18]
Cy_SCB_WriteString      0x1000'2af7   0x2e  Code  Gb  cy_scb_common.o [18]
Cy_SCB_WriteTxFifo      0x1000'29cd    0x8  Code  Lc  cy_scb_common.o [18]
Cy_SCB_WriteTxFifo      0x1000'1abb    0x8  Code  Lc  cy_scb_i2c.o [18]
Cy_SCB_WriteTxFifo      0x1000'40ed    0x8  Code  Lc  cy_scb_uart.o [18]
Cy_SI_UserApp           0x1000'8139    0x8  Code  Lc  hal_jump.o [41]
Cy_Srom_CallApi         0x1000'7821   0x9c  Code  Gb  cy_srom.o [20]
Cy_Srom_CallApi_NonBlock
                        0x1000'78bd   0x5c  Code  Gb  cy_srom.o [20]
Cy_Srom_ConvertRespToStatus
                        0x1000'7949   0x22  Code  Gb  cy_srom.o [20]
Cy_Srom_GetResponseType
                        0x1000'7919   0x2c  Code  Gb  cy_srom.o [20]
Cy_SysClk_CheckDividerExisting
                        0x1000'6399   0x36  Code  Lc  cyhal_hwmgr.o [36]
Cy_SysClk_ClkPathGetSource
                        0x1000'064d   0x46  Code  Gb  cy_sysclk.o [21]
Cy_SysClk_ClkPathSetSource
                        0x1000'05d5   0x6c  Code  Gb  cy_sysclk.o [21]
Cy_SysClk_EcoConfigure  0x1000'056d    0xe  Code  Gb  cy_sysclk.o [21]
Cy_SysClk_EcoConfigureWithMinRneg
                        0x1000'03e9  0x182  Code  Gb  cy_sysclk.o [21]
Cy_SysClk_EcoDisable    0x1000'48af    0xc  Code  Lc  hal_clock.o [34]
Cy_SysClk_EcoEnable     0x1000'057b   0x4c  Code  Gb  cy_sysclk.o [21]
Cy_SysClk_EcoGetStatus  0x1000'0271   0x1a  Code  Lc  cy_sysclk.o [21]
Cy_SysClk_FastClkSetDivider
                        0x1000'4a3b   0x16  Code  Lc  hal_clock.o [34]
Cy_SysClk_FllConfigureStandard
                        0x1000'06a9  0x1b2  Code  Gb  cy_sysclk.o [21]
Cy_SysClk_FllDisable    0x1000'02a1   0x16  Code  Lc  cy_sysclk.o [21]
Cy_SysClk_FllDisableSequence
                        0x1000'0a9d   0x36  Code  Gb  cy_sysclk.o [21]
Cy_SysClk_FllEnable     0x1000'0a11   0x84  Code  Gb  cy_sysclk.o [21]
Cy_SysClk_FllGetConfiguration
                        0x1000'0981   0x72  Code  Gb  cy_sysclk.o [21]
Cy_SysClk_FllGetLockStatus
                        0x1000'028b    0xc  Code  Lc  cy_sysclk.o [21]
Cy_SysClk_FllManualConfigure
                        0x1000'0871   0xf8  Code  Gb  cy_sysclk.o [21]
Cy_SysClk_GetClkPeriFrequency
                        0x1000'11d9   0x32  Code  Gb  cy_sysclk.o [21]
Cy_SysClk_GetClkSlowFrequency
                        0x1000'120b   0x2a  Code  Gb  cy_sysclk.o [21]
Cy_SysClk_GetCoreFrequency
                        0x1000'1235    0x8  Code  Gb  cy_sysclk.o [21]
Cy_SysClk_GetEcoFrequency
                        0x1000'0ea9   0x2e  Code  Gb  cy_sysclk.o [21]
Cy_SysClk_GetExtFrequency
                        0x1000'0ed7   0x1c  Code  Gb  cy_sysclk.o [21]
Cy_SysClk_GetFllInputFrequency
                        0x1000'0fe5    0xc  Code  Gb  cy_sysclk.o [21]
Cy_SysClk_GetFllOutputFrequency
                        0x1000'100d   0x72  Code  Gb  cy_sysclk.o [21]
Cy_SysClk_GetHfClkFrequency
                        0x1000'1167   0x68  Code  Gb  cy_sysclk.o [21]
Cy_SysClk_GetIlo0Frequency
                        0x1000'0ef5   0x2e  Code  Gb  cy_sysclk.o [21]
Cy_SysClk_GetIlo1Frequency
                        0x1000'0f25   0x2e  Code  Gb  cy_sysclk.o [21]
Cy_SysClk_GetImoFrequency
                        0x1000'0e7b   0x2e  Code  Gb  cy_sysclk.o [21]
Cy_SysClk_GetPathFrequency
                        0x1000'1135   0x32  Code  Gb  cy_sysclk.o [21]
Cy_SysClk_GetPathSourceFrequency
                        0x1000'0f85   0x60  Code  Gb  cy_sysclk.o [21]
Cy_SysClk_GetPllInputFrequency
                        0x1000'0ff1   0x1c  Code  Gb  cy_sysclk.o [21]
Cy_SysClk_GetPllOutputFrequency
                        0x1000'108d   0xa0  Code  Gb  cy_sysclk.o [21]
Cy_SysClk_GetWcoFrequency
                        0x1000'0f55   0x2e  Code  Gb  cy_sysclk.o [21]
Cy_SysClk_HfClkEnable   0x1000'49b9   0x24  Code  Lc  hal_clock.o [34]
Cy_SysClk_HfClockGetDivider
                        0x1000'033d   0x32  Code  Lc  cy_sysclk.o [21]
Cy_SysClk_HfClockGetSource
                        0x1000'0305   0x32  Code  Lc  cy_sysclk.o [21]
Cy_SysClk_HfClockSetDivider
                        0x1000'4a07   0x34  Code  Lc  hal_clock.o [34]
Cy_SysClk_HfClockSetSource
                        0x1000'49dd   0x2a  Code  Lc  hal_clock.o [34]
Cy_SysClk_Ilo0Disable   0x1000'490f   0x2c  Code  Lc  hal_clock.o [34]
Cy_SysClk_Ilo0Enable    0x1000'48df   0x22  Code  Lc  hal_clock.o [34]
Cy_SysClk_Ilo0HibernateOn
                        0x1000'4949   0x24  Code  Lc  hal_clock.o [34]
Cy_SysClk_Ilo1Disable   0x1000'493b    0xe  Code  Lc  hal_clock.o [34]
Cy_SysClk_Ilo1Enable    0x1000'4901    0xe  Code  Lc  hal_clock.o [34]
Cy_SysClk_InitGetFreqParams
                        0x1000'0e65   0x16  Code  Gb  cy_sysclk.o [21]
Cy_SysClk_PeriClkGetDivider
                        0x1000'036f    0xa  Code  Lc  cy_sysclk.o [21]
Cy_SysClk_PeriClkSetDivider
                        0x1000'4a51   0x12  Code  Lc  hal_clock.o [34]
Cy_SysClk_PeriphAssignDivider
                        0x1000'6471   0x46  Code  Lc  cyhal_hwmgr.o [36]
Cy_SysClk_PeriphEnableDivider
                        0x1000'64b7   0x4e  Code  Lc  cyhal_hwmgr.o [36]
Cy_SysClk_PeriphSetFracDivider
                        0x1000'63cf   0xa2  Code  Lc  cyhal_hwmgr.o [36]
Cy_SysClk_PllConfigure  0x1000'0b05  0x192  Code  Gb  cy_sysclk.o [21]
Cy_SysClk_PllDisable    0x1000'48bb   0x24  Code  Lc  hal_clock.o [34]
Cy_SysClk_PllEnable     0x1000'0de5   0x5a  Code  Gb  cy_sysclk.o [21]
Cy_SysClk_PllGetConfiguration
                        0x1000'0d87   0x44  Code  Gb  cy_sysclk.o [21]
Cy_SysClk_PllGetLockStatus
                        0x1000'02c1   0x22  Code  Lc  cy_sysclk.o [21]
Cy_SysClk_PllManualConfigure
                        0x1000'0ca5   0xe2  Code  Gb  cy_sysclk.o [21]
Cy_SysClk_SelectEcoAGCEN
                        0x1000'0131   0x2a  Code  Lc  cy_sysclk.o [21]
Cy_SysClk_SelectEcoAtrim
                        0x1000'0081   0xb0  Code  Lc  cy_sysclk.o [21]
Cy_SysClk_SelectEcoFtrim
                        0x1000'026d    0x4  Code  Lc  cy_sysclk.o [21]
Cy_SysClk_SelectEcoGtrim
                        0x1000'01c1   0x72  Code  Lc  cy_sysclk.o [21]
Cy_SysClk_SelectEcoRtrim
                        0x1000'0233   0x3a  Code  Lc  cy_sysclk.o [21]
Cy_SysClk_SelectEcoWDtrim
                        0x1000'015b   0x66  Code  Lc  cy_sysclk.o [21]
Cy_SysClk_SlowClkGetDivider
                        0x1000'03b5    0xa  Code  Lc  cy_sysclk.o [21]
Cy_SysClk_SlowClkSetDivider
                        0x1000'4a63   0x16  Code  Lc  hal_clock.o [34]
Cy_SysClk_WcoDisable    0x1000'49ad    0xc  Code  Lc  hal_clock.o [34]
Cy_SysClk_WcoEnable     0x1000'496d   0x32  Code  Lc  hal_clock.o [34]
Cy_SysClk_WcoOkay       0x1000'02e9    0xe  Code  Lc  cy_sysclk.o [21]
Cy_SysClk_WcoOkay       0x1000'499f    0xe  Code  Lc  hal_clock.o [34]
Cy_SysInt_DisableIRQ    0x1000'6dbb   0x1c  Code  Gb  cy_sysint.o [23]
Cy_SysInt_EnableIRQ     0x1000'6da7   0x14  Code  Gb  cy_sysint.o [23]
Cy_SysInt_GetIntStatus  0x1000'6dd7   0x76  Code  Gb  cy_sysint.o [23]
Cy_SysInt_InitIRQ       0x1000'6d55   0x3e  Code  Gb  cy_sysint.o [23]
Cy_SysInt_SetSystemIrqVector
                        0x1000'6d93   0x14  Code  Gb  cy_sysint.o [23]
Cy_SysInt_SystemIrqUserTableRamPointer
                         0x800'1a88    0x4  Data  Gb  cy_interrupt_map.o [52]
Cy_SysLib_Delay         0x1000'134d   0x26  Code  Gb  cy_syslib.o [24]
Cy_SysLib_DelayCycles   0x1000'1a41         Code  Gb  cy_syslib_iar.o [24]
Cy_SysLib_DelayUs       0x1000'1373   0x12  Code  Gb  cy_syslib.o [24]
Cy_SysLib_EnterCriticalSection
                        0x1000'1a51         Code  Gb  cy_syslib_iar.o [24]
Cy_SysLib_ExitCriticalSection
                        0x1000'1a59         Code  Gb  cy_syslib_iar.o [24]
Cy_SysLib_FaultHandler  0x1000'138b   0x34  Code  Gb  cy_syslib.o [24]
Cy_SysLib_Halt          0x1000'1385    0x6  Code  Gb  cy_syslib.o [24]
Cy_SysLib_ProcessingFault
                        0x1000'1a5f    0x4  Code  Wk  cy_syslib.o [24]
Cy_SysLib_SvcHandler    0x1000'88ad    0xc  Code  Wk  cy_syslib.o [24]
Cy_SysPm_GetIoFreezeStatus
                        0x1000'48a1    0xe  Code  Lc  hal_clock.o [34]
Cy_SysPm_IoUnfreeze     0x1000'5015   0x26  Code  Gb  cy_syspm.o [25]
Cy_SysReset_GetResetReason
                        0x1000'8171    0x6  Code  Gb  cy_sysreset.o [26]
Cy_SystemIrqUserTable    0x800'1504  0x584  Data  Gb  cy_interrupt_map.o [52]
Cy_WDT_Disable          0x1000'4ff5   0x16  Code  Gb  cy_syswdt.o [29]
Cy_WDT_Lock             0x1000'4fb9   0x16  Code  Gb  cy_syswdt.o [29]
Cy_WDT_Unlock           0x1000'4fcf   0x26  Code  Gb  cy_syswdt.o [29]
Cy_u32StartupStackEndAddress
                        0x1000'8264         Data  Gb  startup_cm0plus.o [57]
Cy_u32StartupStackStartAddress
                        0x1000'8260         Data  Gb  startup_cm0plus.o [57]
DiscardArrayNoCheck     0x1000'7675   0x16  Code  Lc  cy_scb_spi.o [18]
Divider_24_5_Get        0x1000'652b   0x38  Code  Lc  cyhal_hwmgr.o [36]
FMC_Blank_Verify        0x1000'5ecd   0x24  Code  Lc  hal_fmc.o [37]
FMC_WorkFlash_Blank_Check
                        0x1000'5ef1   0x32  Code  Lc  hal_fmc.o [37]
FlashRwApp_128B_Page_Compare
                        0x1000'571b   0x34  Code  Gb  FlashRwApp.o [3]
FlashRwApp_128B_Page_Write
                        0x1000'574f   0x24  Code  Gb  FlashRwApp.o [3]
FlashRwApp_BootVersion_Check
                        0x1000'57a7   0x94  Code  Gb  FlashRwApp.o [3]
FlashRwApp_Initial      0x1000'5711    0xa  Code  Gb  FlashRwApp.o [3]
FlashRwApp_Read         0x1000'5773   0x1e  Code  Gb  FlashRwApp.o [3]
FlashRwApp_Sector_Erase
                        0x1000'5791   0x16  Code  Gb  FlashRwApp.o [3]
FunApp_App_Crc_Check    0x1000'8097   0x36  Code  Lc  FunApp.o [3]
FunApp_Jump_to_App      0x1000'8085   0x12  Code  Lc  FunApp.o [3]
FunApp_Startup_Check    0x1000'80cd   0x48  Code  Gb  FunApp.o [3]
HAL_Clock_FLL_Clock_Active
                        0x1000'4edb   0x3c  Code  Gb  hal_clock.o [34]
HAL_Clock_FLL_Configuration
                        0x1000'4d45   0x70  Code  Gb  hal_clock.o [34]
HAL_Clock_FLL_PreConfiguration
                        0x1000'4c1b   0x32  Code  Lc  hal_clock.o [34]
HAL_Clock_FllStatus_Get
                        0x1000'4c11    0xa  Code  Lc  hal_clock.o [34]
HAL_Clock_HF_Source_Get
                        0x1000'4bdd    0xc  Code  Lc  hal_clock.o [34]
HAL_Clock_High_External_Clock_Active
                        0x1000'4db5   0x3a  Code  Gb  hal_clock.o [34]
HAL_Clock_Init          0x1000'4b1b   0xbc  Code  Gb  hal_clock.o [34]
HAL_Clock_Input_Path_Setting
                        0x1000'4f5f   0x5a  Code  Gb  hal_clock.o [34]
HAL_Clock_Low_External_Clock_Active
                        0x1000'4e15   0x24  Code  Gb  hal_clock.o [34]
HAL_Clock_Low_Internal_Clock_0_Active
                        0x1000'4e39   0x36  Code  Gb  hal_clock.o [34]
HAL_Clock_Low_Internal_Clock_1_Active
                        0x1000'4e6f   0x2e  Code  Gb  hal_clock.o [34]
HAL_Clock_Output_Path_Setting
                        0x1000'4f29   0x36  Code  Gb  hal_clock.o [34]
HAL_Clock_PLL_Clock_Active
                        0x1000'4e9d   0x3e  Code  Gb  hal_clock.o [34]
HAL_Clock_PLL_Configuration
                        0x1000'4c9d   0x9e  Code  Gb  hal_clock.o [34]
HAL_Clock_PLL_PreConfiguration
                        0x1000'4c51   0x40  Code  Lc  hal_clock.o [34]
HAL_Clock_PllStatus_Get
                        0x1000'4bf1   0x20  Code  Lc  hal_clock.o [34]
HAL_Clock_Source_Init   0x1000'4a89   0x92  Code  Lc  hal_clock.o [34]
HAL_FMC_EEPROMEraseSector
                        0x1000'6175   0x56  Code  Gb  hal_fmc.o [37]
HAL_FMC_EEPROMRead      0x1000'62b1   0x3e  Code  Gb  hal_fmc.o [37]
HAL_FMC_EEPROMWrite     0x1000'61d1   0xce  Code  Gb  hal_fmc.o [37]
HAL_FMC_EEPROM_Safety   0x1000'6149   0x2c  Code  Gb  hal_fmc.o [37]
HAL_FMC_FlashEraseSector
                        0x1000'5f53   0x82  Code  Gb  hal_fmc.o [37]
HAL_FMC_FlashRead       0x1000'6115   0x34  Code  Gb  hal_fmc.o [37]
HAL_FMC_FlashWrite      0x1000'5fe1  0x12e  Code  Gb  hal_fmc.o [37]
HAL_FMC_Initial         0x1000'5f23   0x30  Code  Gb  hal_fmc.o [37]
HAL_GPIO_PinConfig_Check
                        0x1000'67c5   0xa6  Code  Lc  hal_gpio.o [38]
HAL_GPIO_PinRead        0x1000'68f3   0x36  Code  Gb  hal_gpio.o [38]
HAL_GPIO_PinWrite       0x1000'6929   0x44  Code  Gb  hal_gpio.o [38]
HAL_GPIO_Pin_Init       0x1000'686b   0x88  Code  Gb  hal_gpio.o [38]
HAL_GPIO_PortToAddr     0x1000'67ab   0x14  Code  Lc  hal_gpio.o [38]
HAL_I2C_Active          0x1000'5d23   0x46  Code  Gb  hal_i2c.o [40]
HAL_I2C_Callback_Register
                        0x1000'5e29   0x38  Code  Gb  hal_i2c.o [40]
HAL_I2C_Config_Check    0x1000'5ca1   0x38  Code  Lc  hal_i2c.o [40]
HAL_I2C_Init            0x1000'5cd9   0x4a  Code  Gb  hal_i2c.o [40]
HAL_I2C_Slave_Interrupt_Set
                        0x1000'5e61   0x46  Code  Gb  hal_i2c.o [40]
HAL_I2C_Slave_ReadBuf_Config
                        0x1000'5d69   0x34  Code  Gb  hal_i2c.o [40]
HAL_I2C_Slave_Status_Get
                        0x1000'5dfd   0x2c  Code  Gb  hal_i2c.o [40]
HAL_I2C_Slave_WriteBuf_Config
                        0x1000'5d9d   0x34  Code  Gb  hal_i2c.o [40]
HAL_I2C_Slave_WriteTransferCount_Get
                        0x1000'5dd1   0x2c  Code  Gb  hal_i2c.o [40]
HAL_Jump_to_Address     0x1000'8141   0x2c  Code  Gb  hal_jump.o [41]
HAL_SCB_IRQ             0x1000'66cf   0xb8  Code  Lc  cyhal_hwmgr.o [36]
HAL_UNDEF_SCB_IRQ       0x1000'66cd    0x2  Code  Lc  cyhal_hwmgr.o [36]
HAL_UartPrintf          0x1000'5a59   0x66  Code  Gb  hal_uart.o [50]
HAL_Uart_Active         0x1000'5a17   0x42  Code  Gb  hal_uart.o [50]
HAL_Uart_Init           0x1000'59e5   0x32  Code  Gb  hal_uart.o [50]
HEAP_STACK$$Base         0x800'fc00          --   Gb  - Linker created -
HEAP_STACK$$Limit        0x801'0000          --   Gb  - Linker created -
HandleDataReceive       0x1000'46b7   0x98  Code  Lc  cy_scb_uart.o [18]
HandleDataTransmit      0x1000'47eb   0xb4  Code  Lc  cy_scb_uart.o [18]
HandleReceive           0x1000'7549   0x8c  Code  Lc  cy_scb_spi.o [18]
HandleRingBuffer        0x1000'474f   0x9c  Code  Lc  cy_scb_uart.o [18]
HandleTransmit          0x1000'75d5   0x80  Code  Lc  cy_scb_spi.o [18]
HardFault_Handler       0x1000'8751         Code  Wk  startup_cm0plus.o [57]
I2c0SlaveApp_Crc32_Check
                        0x1000'50fd   0x98  Code  Gb  I2c0SlaveApp.o [3]
I2c0SlaveApp_Flash_Operate_Process
                        0x1000'544d   0x7c  Code  Gb  I2c0SlaveApp.o [3]
I2c0SlaveApp_Init       0x1000'55cd   0x4e  Code  Gb  I2c0SlaveApp.o [3]
I2c0SlaveApp_Prepare_Response_Buf
                        0x1000'51cd   0x4a  Code  Lc  I2c0SlaveApp.o [3]
I2c0SlaveApp_Rx_Checksum_Check
                        0x1000'5195   0x38  Code  Lc  I2c0SlaveApp.o [3]
I2c0SlaveApp_Update_Cmd_Process
                        0x1000'522d  0x214  Code  Gb  I2c0SlaveApp.o [3]
InitApp_All             0x1000'5af9   0x2a  Code  Gb  InitApp.o [3]
[...]
InitApp_StateMachine_Get
                        0x1000'5b31    0x6  Code  Gb  InitApp.o [3]
InitApp_StateMachine_Set
                        0x1000'5b37    0x8  Code  Gb  InitApp.o [3]
MPSC_Check_Power_Alive  0x1000'6cb5   0xa0  Code  Gb  PinIOApp.o [3]
MasterHandleComplete    0x1000'285b  0x10a  Code  Lc  cy_scb_i2c.o [18]
MasterHandleDataReceive
                        0x1000'26c3   0xc2  Code  Lc  cy_scb_i2c.o [18]
MasterHandleDataTransmit
                        0x1000'278d   0xce  Code  Lc  cy_scb_i2c.o [18]
MasterHandleStop        0x1000'2969   0x46  Code  Lc  cy_scb_i2c.o [18]
MasterInterrupt         0x1000'25bd  0x106  Code  Lc  cy_scb_i2c.o [18]
NMI_Handler             0x1000'8945         Code  Wk  startup_cm0plus.o [57]
PendSV_Handler          0x1000'8949         Code  Wk  startup_cm0plus.o [57]
PinIOApp_Init           0x1000'6b4f  0x15e  Code  Gb  PinIOApp.o [3]
PinIOApp_System_Power   0x1000'6a29  0x126  Code  Gb  PinIOApp.o [3]
PrepareSystemCallInfrastructure
                        0x1000'8023   0x44  Code  Lc  startup.o [57]
Region$$Table$$Base     0x1000'85fc          --   Gb  - Linker created -
Region$$Table$$Limit    0x1000'861c          --   Gb  - Linker created -
Reset_Handler           0x1000'81fd         Code  Wk  startup_cm0plus.o [57]
SCB_I2C_Clock_Init      0x1000'5b8d   0x44  Code  Lc  hal_i2c.o [40]
SCB_I2C_Config_Init     0x1000'5bd1   0x5c  Code  Lc  hal_i2c.o [40]
SCB_I2C_Get             0x1000'5b61   0x2c  Code  Lc  hal_i2c.o [40]
SCB_I2C_PIN_Init        0x1000'5c2d   0x58  Code  Lc  hal_i2c.o [40]
SCB_Uart_Clock_Init     0x1000'5973    0xa  Code  Lc  hal_uart.o [50]
SCB_Uart_Config_Init    0x1000'597d   0x5a  Code  Lc  hal_uart.o [50]
SCB_Uart_Get            0x1000'58a9   0x2a  Code  Lc  hal_uart.o [50]
SCB_Uart_PIN_Init       0x1000'58d3   0xa0  Code  Lc  hal_uart.o [50]
SVC_Handler             0x1000'876d         Code  Wk  startup_cm0plus.o [57]
Scb_I2C_Slave_Event     0x1000'5539   0x8a  Code  Lc  I2c0SlaveApp.o [3]
SetPeripheFracDiv24_5   0x1000'6575   0x34  Code  Lc  cyhal_hwmgr.o [36]
SlaveErrorEvent         0x1000'54cd   0x58  Code  Lc  I2c0SlaveApp.o [3]
SlaveHandleAddress      0x1000'21fb  0x138  Code  Lc  cy_scb_i2c.o [18]
SlaveHandleDataReceive  0x1000'2333   0xae  Code  Lc  cy_scb_i2c.o [18]
SlaveHandleDataTransmit
                        0x1000'23e1   0xfa  Code  Lc  cy_scb_i2c.o [18]
SlaveHandleStop         0x1000'24db   0xda  Code  Lc  cy_scb_i2c.o [18]
SlaveInterrupt          0x1000'2111   0xea  Code  Lc  cy_scb_i2c.o [18]
Startup_Init            0x1000'7fe5    0xc  Code  Gb  startup.o [57]
SysTick_Handler         0x1000'894d         Code  Wk  startup_cm0plus.o [57]
SystemCoreClock          0x800'23c8    0x4  Data  Gb  system_tviibe1m_cm0plus.o [58]
SystemCoreClockUpdate   0x1000'5045   0x88  Code  Gb  system_tviibe1m_cm0plus.o [58]
Uart1App_Init           0x1000'69c1   0x68  Code  Gb  Uart1App.o [3]
_LC                     0x1000'2b6d    0x8  Code  Lc  xprintffull_nomb.o [60]
_LitobFullNoMb          0x1000'3907  0x124  Code  Lc  xprintffull_nomb.o [60]
_PrintfFullNoMb         0x1000'2b75  0xd92  Code  Gb  xprintffull_nomb.o [60]
_PutcharsFullNoMb       0x1000'3a79   0x36  Code  Lc  xprintffull_nomb.o [60]
_SNProut                0x1000'87a5   0x1c  Code  Gb  xsnprout.o [60]
__NVIC_ClearPendingIRQ  0x1000'7dd1   0x18  Code  Lc  cy_interrupt_map.o [52]
__NVIC_ClearPendingIRQ  0x1000'6309   0x18  Code  Lc  cyhal_hwmgr.o [36]
__NVIC_EnableIRQ        0x1000'62f1   0x18  Code  Lc  cyhal_hwmgr.o [36]
__NVIC_EnableIRQ        0x1000'7f55   0x18  Code  Lc  startup.o [57]
__NVIC_SetPriority      0x1000'6321   0x78  Code  Lc  cyhal_hwmgr.o [36]
__NVIC_SetPriority      0x1000'7f6d   0x78  Code  Lc  startup.o [57]
__NVIC_SystemReset      0x1000'5ac9   0x14  Code  Lc  InitApp.o [3]
__Vectors               0x1000'0000          --   Gb  startup_cm0plus.o [57]
__Vectors_End           0x1000'0080         Data  Gb  startup_cm0plus.o [57]
__Vectors_Size {Abs}           0x80          --   Gb  startup_cm0plus.o [57]
__aeabi_cdcmple         0x1000'3b5d         Code  Gb  DblCmpLe.o [62]
__aeabi_cdrcmple        0x1000'3b8f         Code  Gb  DblCmpGe.o [62]
__aeabi_cfcmple         0x1000'1265         Code  Gb  FltCmpLe.o [62]
__aeabi_cfrcmple        0x1000'123d         Code  Gb  FltCmpGe.o [62]
__aeabi_d2f             0x1000'1643         Code  Gb  DblToFlt.o [62]
__aeabi_d2iz            0x1000'3c31         Code  Gb  DblToI32.o [62]
__aeabi_d2uiz           0x1000'3c55         Code  Gb  DblToI32.o [62]
__aeabi_ddiv            0x1000'3e61         Code  Gb  DblDiv.o [62]
__aeabi_dmul            0x1000'3f23         Code  Gb  DblMul.o [62]
__aeabi_dsub            0x1000'3d73         Code  Gb  DblAddSub.o [62]
__aeabi_f2d             0x1000'1551         Code  Gb  FltToDbl.o [62]
__aeabi_f2iz            0x1000'19a9         Code  Gb  FltToS32.o [62]
__aeabi_fadd            0x1000'1887         Code  Gb  FltAddSub.o [62]
__aeabi_fdiv            0x1000'13fd         Code  Gb  FltDiv.o [62]
__aeabi_fmul            0x1000'14a1         Code  Gb  FltMul.o [62]
__aeabi_fsub            0x1000'18f7         Code  Gb  FltAddSub.o [62]
__aeabi_i2d             0x1000'3ca5         Code  Gb  IxxToDbl.o [62]
__aeabi_idiv            0x1000'1723         Code  Gb  I32DivModFast.o [63]
__aeabi_idiv0           0x1000'1a65         Code  Gb  IntDivZer.o [63]
__aeabi_idivmod         0x1000'1723         Code  Gb  I32DivModFast.o [63]
__aeabi_ldiv0           0x1000'1a69         Code  Gb  I64DivZer.o [63]
__aeabi_lmul            0x1000'17d9         Code  Gb  I64Mul.o [63]
__aeabi_memclr4         0x1000'16c5         Code  Gb  ABImemset.o [63]
__aeabi_memclr8         0x1000'16c5         Code  Gb  ABImemset.o [63]
__aeabi_memcpy          0x1000'1a21         Code  Gb  ABImemcpy.o [63]
__aeabi_memcpy4         0x1000'19ed         Code  Gb  ABImemcpy.o [63]
__aeabi_memcpy8         0x1000'19ed         Code  Gb  ABImemcpy.o [63]
__aeabi_memset          0x1000'16a5         Code  Gb  ABImemset.o [63]
__aeabi_ui2d            0x1000'3c85         Code  Gb  IxxToDbl.o [62]
__aeabi_ui2f            0x1000'13dd         Code  Gb  IxxToFlt.o [62]
__aeabi_uidiv           0x1000'1729         Code  Gb  I32DivModFast.o [63]
__aeabi_uidivmod        0x1000'1729         Code  Gb  I32DivModFast.o [63]
__aeabi_uldivmod        0x1000'180b         Code  Gb  I64DivMod.o [63]
__cm4_vector_base_linker_symbol {Abs}
                        0x1008'0000         Data  Gb  <internal module>
__cmain                 0x1000'869d         Code  Gb  cmain.o [63]
__ecc_init_sram_end_address {Abs}
                         0x800'ffff         Data  Gb  <internal module>
__ecc_init_sram_start_address {Abs}
                         0x800'0800         Data  Gb  <internal module>
__exit                  0x1000'40b1   0x14  Code  Gb  exit.o [64]
__iar_Fail_s            0x1000'3ac5   0x22  Code  Gb  xfail_s.o [60]
__iar_Memchr            0x1000'3b1d         Code  Gb  memchr.o [63]
__iar_Memcpy            0x1000'1a2d         Code  Gb  ABImemcpy.o [63]
__iar_Memset4_word      0x1000'16c9         Code  Gb  ABImemset.o [63]
__iar_Memset_word       0x1000'16b1         Code  Gb  ABImemset.o [63]
__iar_Strchr            0x1000'3ab1         Code  Gb  strchr.o [63]
__iar_d2uiz             0x1000'3c59         Code  Gb  DblToI32.o [62]
__iar_data_init3        0x1000'85b1   0x28  Code  Gb  data_init.o [63]
__iar_frexp             0x1000'3b3f         Code  Gb  frexp.o [62]
__iar_frexp64           0x1000'3b33         Code  Gb  frexp.o [62]
__iar_frexpl            0x1000'3b3f         Code  Gb  frexp.o [62]
__iar_ldexp64           0x1000'3bc1         Code  Gb  ldexp.o [62]
__iar_lz77_init_single3
                        0x1000'817d   0x80  Code  Gb  lz77_init_single.o [63]
__iar_program_start     0x1000'8789         Code  Gb  cstartup_M.o [63]
__iar_scalbln64         0x1000'3bc1         Code  Gb  ldexp.o [62]
__iar_scalbn64          0x1000'3bc1         Code  Gb  ldexp.o [62]
__iar_sqrt64            0x1000'1583         Code  Gb  sqrt.o [62]
__iar_zero_init3        0x1000'8515   0x3c  Code  Gb  zero_init3.o [63]
__low_level_init        0x1000'86bd         Code  Gb  startup_cm0plus.o [57]
__ramVectors             0x800'2400         Data  Gb  startup_cm0plus.o [57]
__vector_table          0x1000'0000         Data  Gb  startup_cm0plus.o [57]
__vector_table_0x1c     0x1000'001c         Data  Gb  startup_cm0plus.o [57]
_call_main              0x1000'86a9         Code  Gb  cmain.o [63]
_exit                   0x1000'86d5         Code  Gb  cexit.o [63]
abort                   0x1000'40a7    0xa  Code  Gb  abort.o [60]
abs                     0x1000'19e3    0x8  Code  Wk  abs.o [60]
app_main                0x1000'8335   0x58  Code  Gb  app_main.o [2]
cy_assertFileName        0x800'2398   0x18  Data  Gb  cy_syslib.o [24]
cy_assertLine            0x800'23c0    0x4  Data  Gb  cy_syslib.o [24]
cy_delay32kMs            0x800'23d4    0x4  Data  Gb  system_tviibe1m_cm0plus.o [58]
cy_delayFreqHz           0x800'23cc    0x4  Data  Gb  system_tviibe1m_cm0plus.o [58]
cy_delayFreqKhz          0x800'23d0    0x4  Data  Gb  system_tviibe1m_cm0plus.o [58]
cy_delayFreqMhz          0x800'23eb    0x1  Data  Gb  system_tviibe1m_cm0plus.o [58]
cy_faultFrame            0x800'233c   0x24  Data  Gb  cy_syslib.o [24]
exit                    0x1000'86cb    0x8  Code  Gb  exit.o [60]
fMargin_MHz_RefArray    0x1000'8818   0x14  Data  Lc  cy_sysclk.o [21]
fll_gains_RefArray      0x1000'8550   0x30  Data  Lc  cy_sysclk.o [21]
frexp                   0x1000'3b33         Code  Gb  frexp.o [62]
frexpl                  0x1000'3b33         Code  Gb  frexp.o [62]
g_scratch                0x800'23b0   0x10  Data  Lc  cy_srom.o [20]
gbResetFlag              0x800'23e9    0x1  Data  Lc  I2c0SlaveApp.o [3]
gtdFMC_Config            0x800'1bcc    0x1  Data  Gb  hal_fmc_config.o [39]
gtdPinInputConfig        0x800'1ba4    0x8  Data  Gb  hal_gpio_config.o [39]
gtdPinOutputConfig       0x800'1b9c    0x8  Data  Gb  hal_gpio_config.o [39]
gtsClockConfig           0x800'1b70   0x2c  Data  Gb  hal_clock_config.o [39]
gtsI2C_Slave_Fast_Mode   0x800'1bac   0x10  Data  Gb  hal_i2c_config.o [39]
gts_UART_115200_bps_Config
                         0x800'1bbc    0xc  Data  Gb  hal_uart_config.o [39]
gu32Crc32Table          0x1000'79d0  0x400  Data  Gb  CrcApp.o [3]
gu8StateMachineStep      0x800'23ea    0x1  Data  Lc  InitApp.o [3]
intFreqInitialized       0x800'23e6    0x1  Data  Gb  cy_sysclk.o [21]
internalBaseFreqInfo     0x800'2380   0x18  Data  Gb  cy_sysclk.o [21]
ldexp                   0x1000'3bc1         Code  Gb  ldexp.o [62]
ldexpl                  0x1000'3bc1         Code  Gb  ldexp.o [62]
main                    0x1000'86c1    0xa  Code  Gb  main_cm0plus.o [1]
memchr                  0x1000'3b1d         Code  Gb  memchr.o [63]
rxBuffer                 0x800'2174  0x100  Data  Lc  I2c0SlaveApp.o [3]
scalbln                 0x1000'3bc1         Code  Gb  ldexp.o [62]
scalblnl                0x1000'3bc1         Code  Gb  ldexp.o [62]
scalbn                  0x1000'3bc1         Code  Gb  ldexp.o [62]
scalbnl                 0x1000'3bc1         Code  Gb  ldexp.o [62]
scale                   0x1000'3a2b   0x44  Code  Lc  xprintffull_nomb.o [60]
sec_hand                 0x800'23d8    0x4  Data  Lc  xfail_s.o [60]
sqrt                    0x1000'1583         Code  Gb  sqrt.o [62]
sqrtl                   0x1000'1583         Code  Gb  sqrt.o [62]
strchr                  0x1000'3ab1         Code  Gb  strchr.o [63]
strlen                  0x1000'3b0d         Code  Gb  strlen.o [63]
strncpy                 0x1000'128d         Code  Gb  strncpy.o [63]
trimSteps_RefArray      0x1000'8804   0x14  Data  Lc  cy_sysclk.o [21]
tsDivider_24_5           0x800'1b4c   0x10  Data  Lc  cyhal_hwmgr.o [36]
tsI2C                    0x800'1bd0  0x2c0  Data  Lc  hal_i2c.o [40]
tsI2cSlaveRx             0x800'2070  0x104  Data  Lc  I2c0SlaveApp.o [3]
tsSCB                    0x800'1a8c   0xc0  Data  Lc  cyhal_hwmgr.o [36]
tsUart                   0x800'1e90  0x1e0  Data  Lc  hal_uart.o [50]
tsUartDefConfig         0x1000'8434   0x4c  Data  Lc  hal_uart.o [50]
txBuffer                 0x800'2360   0x20  Data  Lc  I2c0SlaveApp.o [3]
u16CalculateChecksum     0x800'23e0    0x2  Data  Lc  I2c0SlaveApp.o [3]
u16DataChecksum          0x800'23e2    0x2  Data  Lc  I2c0SlaveApp.o [3]
u16SerialID              0x800'23e4    0x2  Data  Lc  I2c0SlaveApp.o [3]
u16UpdateKey             0x800'1500    0x2  Data  Wk  app_main.o [2]
u16checksum_Current      0x800'23dc    0x2  Data  Lc  CrcApp.o [3]
u32App1Address           0x800'1b68    0x4  Data  Lc  FunApp.o [3]
u32App2Address           0x800'1b6c    0x4  Data  Lc  FunApp.o [3]
u32ComputeCrc32          0x800'1bc8    0x4  Data  Lc  I2c0SlaveApp.o [3]
u8AppCrc32Buff           0x800'23c4    0x4  Data  Lc  I2c0SlaveApp.o [3]
u8AppMemRawDataBuff      0x800'22fc   0x40  Data  Lc  I2c0SlaveApp.o [3]
u8BootSWVersion          0x800'1b5c    0xc  Data  Gb  FunApp.o [3]
u8BootloaderStatusFlag   0x800'23e8    0x1  Data  Lc  I2c0SlaveApp.o [3]
u8PrintfTextBuf          0x800'2274   0x88  Data  Lc  hal_uart.o [50]
u8checksum_reset         0x800'23e7    0x1  Data  Lc  I2c0SlaveApp.o [3]
u8retMsg                 0x800'23de    0x2  Data  Lc  I2c0SlaveApp.o [3]
vsnprintf               0x1000'696d   0x40  Code  Gb  vsnprint.o [60]


[1] = C:\TVII_Sample_Driver_Library_7.1.0\tviibe1m_backup\tools\iar\flash\cm0plus\rev_d\Obj\src
[2] = C:\TVII_Sample_Driver_Library_7.1.0\tviibe1m_backup\tools\iar\flash\cm0plus\rev_d\Obj\src\app
[3] = C:\TVII_Sample_Driver_Library_7.1.0\tviibe1m_backup\tools\iar\flash\cm0plus\rev_d\Obj\src\app\src
[4] = C:\TVII_Sample_Driver_Library_7.1.0\tviibe1m_backup\tools\iar\flash\cm0plus\rev_d\Obj\src\drivers\adc
[5] = C:\TVII_Sample_Driver_Library_7.1.0\tviibe1m_backup\tools\iar\flash\cm0plus\rev_d\Obj\src\drivers\canfd
[6] = C:\TVII_Sample_Driver_Library_7.1.0\tviibe1m_backup\tools\iar\flash\cm0plus\rev_d\Obj\src\drivers\cpu
[7] = C:\TVII_Sample_Driver_Library_7.1.0\tviibe1m_backup\tools\iar\flash\cm0plus\rev_d\Obj\src\drivers\crypto
[8] = C:\TVII_Sample_Driver_Library_7.1.0\tviibe1m_backup\tools\iar\flash\cm0plus\rev_d\Obj\src\drivers\dma
[9] = C:\TVII_Sample_Driver_Library_7.1.0\tviibe1m_backup\tools\iar\flash\cm0plus\rev_d\Obj\src\drivers\evtgen
[10] = C:\TVII_Sample_Driver_Library_7.1.0\tviibe1m_backup\tools\iar\flash\cm0plus\rev_d\Obj\src\drivers\flash
[11] = C:\TVII_Sample_Driver_Library_7.1.0\tviibe1m_backup\tools\iar\flash\cm0plus\rev_d\Obj\src\drivers\gpio
[12] = C:\TVII_Sample_Driver_Library_7.1.0\tviibe1m_backup\tools\iar\flash\cm0plus\rev_d\Obj\src\drivers\ipc
[13] = C:\TVII_Sample_Driver_Library_7.1.0\tviibe1m_backup\tools\iar\flash\cm0plus\rev_d\Obj\src\drivers\lin
[14] = C:\TVII_Sample_Driver_Library_7.1.0\tviibe1m_backup\tools\iar\flash\cm0plus\rev_d\Obj\src\drivers\lvd
[15] = C:\TVII_Sample_Driver_Library_7.1.0\tviibe1m_backup\tools\iar\flash\cm0plus\rev_d\Obj\src\drivers\mcwdt
[16] = C:\TVII_Sample_Driver_Library_7.1.0\tviibe1m_backup\tools\iar\flash\cm0plus\rev_d\Obj\src\drivers\mpu
[17] = C:\TVII_Sample_Driver_Library_7.1.0\tviibe1m_backup\tools\iar\flash\cm0plus\rev_d\Obj\src\drivers\prot
[18] = C:\TVII_Sample_Driver_Library_7.1.0\tviibe1m_backup\tools\iar\flash\cm0plus\rev_d\Obj\src\drivers\scb
[19] = C:\TVII_Sample_Driver_Library_7.1.0\tviibe1m_backup\tools\iar\flash\cm0plus\rev_d\Obj\src\drivers\smartio
[20] = C:\TVII_Sample_Driver_Library_7.1.0\tviibe1m_backup\tools\iar\flash\cm0plus\rev_d\Obj\src\drivers\srom
[21] = C:\TVII_Sample_Driver_Library_7.1.0\tviibe1m_backup\tools\iar\flash\cm0plus\rev_d\Obj\src\drivers\sysclk
[22] = C:\TVII_Sample_Driver_Library_7.1.0\tviibe1m_backup\tools\iar\flash\cm0plus\rev_d\Obj\src\drivers\sysflt
[23] = C:\TVII_Sample_Driver_Library_7.1.0\tviibe1m_backup\tools\iar\flash\cm0plus\rev_d\Obj\src\drivers\sysint
[24] = C:\TVII_Sample_Driver_Library_7.1.0\tviibe1m_backup\tools\iar\flash\cm0plus\rev_d\Obj\src\drivers\syslib
[25] = C:\TVII_Sample_Driver_Library_7.1.0\tviibe1m_backup\tools\iar\flash\cm0plus\rev_d\Obj\src\drivers\syspm
[26] = C:\TVII_Sample_Driver_Library_7.1.0\tviibe1m_backup\tools\iar\flash\cm0plus\rev_d\Obj\src\drivers\sysreset
[27] = C:\TVII_Sample_Driver_Library_7.1.0\tviibe1m_backup\tools\iar\flash\cm0plus\rev_d\Obj\src\drivers\sysrtc
[28] = C:\TVII_Sample_Driver_Library_7.1.0\tviibe1m_backup\tools\iar\flash\cm0plus\rev_d\Obj\src\drivers\systick
[29] = C:\TVII_Sample_Driver_Library_7.1.0\tviibe1m_backup\tools\iar\flash\cm0plus\rev_d\Obj\src\drivers\syswdt
[30] = C:\TVII_Sample_Driver_Library_7.1.0\tviibe1m_backup\tools\iar\flash\cm0plus\rev_d\Obj\src\drivers\tcpwm
[31] = C:\TVII_Sample_Driver_Library_7.1.0\tviibe1m_backup\tools\iar\flash\cm0plus\rev_d\Obj\src\drivers\trigmux
[32] = C:\TVII_Sample_Driver_Library_7.1.0\tviibe1m_backup\tools\iar\flash\cm0plus\rev_d\Obj\src\hal
[33] = C:\TVII_Sample_Driver_Library_7.1.0\tviibe1m_backup\tools\iar\flash\cm0plus\rev_d\Obj\src\hal\adc
[34] = C:\TVII_Sample_Driver_Library_7.1.0\tviibe1m_backup\tools\iar\flash\cm0plus\rev_d\Obj\src\hal\clock
[35] = C:\TVII_Sample_Driver_Library_7.1.0\tviibe1m_backup\tools\iar\flash\cm0plus\rev_d\Obj\src\hal\crypto
[36] = C:\TVII_Sample_Driver_Library_7.1.0\tviibe1m_backup\tools\iar\flash\cm0plus\rev_d\Obj\src\hal\cy_hdr
[37] = C:\TVII_Sample_Driver_Library_7.1.0\tviibe1m_backup\tools\iar\flash\cm0plus\rev_d\Obj\src\hal\fmc
[38] = C:\TVII_Sample_Driver_Library_7.1.0\tviibe1m_backup\tools\iar\flash\cm0plus\rev_d\Obj\src\hal\gpio
[39] = C:\TVII_Sample_Driver_Library_7.1.0\tviibe1m_backup\tools\iar\flash\cm0plus\rev_d\Obj\src\hal\hal_config
[40] = C:\TVII_Sample_Driver_Library_7.1.0\tviibe1m_backup\tools\iar\flash\cm0plus\rev_d\Obj\src\hal\i2c
[41] = C:\TVII_Sample_Driver_Library_7.1.0\tviibe1m_backup\tools\iar\flash\cm0plus\rev_d\Obj\src\hal\jump
[42] = C:\TVII_Sample_Driver_Library_7.1.0\tviibe1m_backup\tools\iar\flash\cm0plus\rev_d\Obj\src\hal\pm
[43] = C:\TVII_Sample_Driver_Library_7.1.0\tviibe1m_backup\tools\iar\flash\cm0plus\rev_d\Obj\src\hal\pwm
[44] = C:\TVII_Sample_Driver_Library_7.1.0\tviibe1m_backup\tools\iar\flash\cm0plus\rev_d\Obj\src\hal\sp
[45] = C:\TVII_Sample_Driver_Library_7.1.0\tviibe1m_backup\tools\iar\flash\cm0plus\rev_d\Obj\src\hal\spi
[46] = C:\TVII_Sample_Driver_Library_7.1.0\tviibe1m_backup\tools\iar\flash\cm0plus\rev_d\Obj\src\hal\srom
[47] = C:\TVII_Sample_Driver_Library_7.1.0\tviibe1m_backup\tools\iar\flash\cm0plus\rev_d\Obj\src\hal\sysreset
[48] = C:\TVII_Sample_Driver_Library_7.1.0\tviibe1m_backup\tools\iar\flash\cm0plus\rev_d\Obj\src\hal\systick
[49] = C:\TVII_Sample_Driver_Library_7.1.0\tviibe1m_backup\tools\iar\flash\cm0plus\rev_d\Obj\src\hal\timer
[50] = C:\TVII_Sample_Driver_Library_7.1.0\tviibe1m_backup\tools\iar\flash\cm0plus\rev_d\Obj\src\hal\uart
[51] = C:\TVII_Sample_Driver_Library_7.1.0\tviibe1m_backup\tools\iar\flash\cm0plus\rev_d\Obj\src\hal\wdt
[52] = C:\TVII_Sample_Driver_Library_7.1.0\tviibe1m_backup\tools\iar\flash\cm0plus\rev_d\Obj\src\interrupts\rev_d
[53] = C:\TVII_Sample_Driver_Library_7.1.0\tviibe1m_backup\tools\iar\flash\cm0plus\rev_d\Obj\src\mw\button
[54] = C:\TVII_Sample_Driver_Library_7.1.0\tviibe1m_backup\tools\iar\flash\cm0plus\rev_d\Obj\src\mw\flash
[55] = C:\TVII_Sample_Driver_Library_7.1.0\tviibe1m_backup\tools\iar\flash\cm0plus\rev_d\Obj\src\mw\semihosting
[56] = C:\TVII_Sample_Driver_Library_7.1.0\tviibe1m_backup\tools\iar\flash\cm0plus\rev_d\Obj\src\mw\sw_timer
[57] = C:\TVII_Sample_Driver_Library_7.1.0\tviibe1m_backup\tools\iar\flash\cm0plus\rev_d\Obj\src\startup
[58] = C:\TVII_Sample_Driver_Library_7.1.0\tviibe1m_backup\tools\iar\flash\cm0plus\rev_d\Obj\src\system\rev_d
[59] = C:\TVII_Sample_Driver_Library_7.1.0\tviibe1m_backup\tools\iar\flash\cm0plus\rev_d\Obj\testbed
[60] = dl6M_tln.a
[61] = libcrypto_server_cm0plus_iar.a
[62] = m6M_tl.a
[63] = rt6M_tl.a
[64] = shb_l.a

  32'780 bytes of readonly  code memory
   2'603 bytes of readonly  data memory
   4'965 bytes of readwrite data memory (+ 2 absolute)

Errors: none
Warnings: none
